Archive member included because of file (symbol)

../../KNN_AXI_Test_bsp/ps7_cortexa9_0/lib\libxil.a(asm_vectors.o)
                              (_vector_table)
../../KNN_AXI_Test_bsp/ps7_cortexa9_0/lib\libxil.a(boot.o)
                              ../../KNN_AXI_Test_bsp/ps7_cortexa9_0/lib\libxil.a(asm_vectors.o) (_boot)
../../KNN_AXI_Test_bsp/ps7_cortexa9_0/lib\libxil.a(print.o)
                              ./src/main.o (print)
../../KNN_AXI_Test_bsp/ps7_cortexa9_0/lib\libxil.a(translation_table.o)
                              ../../KNN_AXI_Test_bsp/ps7_cortexa9_0/lib\libxil.a(boot.o) (MMUTable)
../../KNN_AXI_Test_bsp/ps7_cortexa9_0/lib\libxil.a(vectors.o)
                              ../../KNN_AXI_Test_bsp/ps7_cortexa9_0/lib\libxil.a(asm_vectors.o) (UndefinedException)
../../KNN_AXI_Test_bsp/ps7_cortexa9_0/lib\libxil.a(xil-crt0.o)
                              ../../KNN_AXI_Test_bsp/ps7_cortexa9_0/lib\libxil.a(boot.o) (_start)
../../KNN_AXI_Test_bsp/ps7_cortexa9_0/lib\libxil.a(xil_cache.o)
                              ./src/platform.o (Xil_ICacheDisable)
../../KNN_AXI_Test_bsp/ps7_cortexa9_0/lib\libxil.a(xil_exception.o)
                              ../../KNN_AXI_Test_bsp/ps7_cortexa9_0/lib\libxil.a(asm_vectors.o) (PrefetchAbortAddr)
../../KNN_AXI_Test_bsp/ps7_cortexa9_0/lib\libxil.a(xil_io.o)
                              ./src/main.o (Xil_In32)
../../KNN_AXI_Test_bsp/ps7_cortexa9_0/lib\libxil.a(xtime_l.o)
                              ../../KNN_AXI_Test_bsp/ps7_cortexa9_0/lib\libxil.a(xil-crt0.o) (XTime_SetTime)
../../KNN_AXI_Test_bsp/ps7_cortexa9_0/lib\libxil.a(cpu_init.o)
                              ../../KNN_AXI_Test_bsp/ps7_cortexa9_0/lib\libxil.a(xil-crt0.o) (__cpu_init)
../../KNN_AXI_Test_bsp/ps7_cortexa9_0/lib\libxil.a(outbyte.o)
                              ../../KNN_AXI_Test_bsp/ps7_cortexa9_0/lib\libxil.a(print.o) (outbyte)
../../KNN_AXI_Test_bsp/ps7_cortexa9_0/lib\libxil.a(xuartps_hw.o)
                              ../../KNN_AXI_Test_bsp/ps7_cortexa9_0/lib\libxil.a(outbyte.o) (XUartPs_SendByte)
c:/xilinx/sdk/2016.2/gnu/aarch32/nt/gcc-arm-none-eabi/bin/../lib/gcc/arm-none-eabi/4.9.2/v7-a/fpv3/hard\libgcc.a(_udivsi3.o)
                              ../../KNN_AXI_Test_bsp/ps7_cortexa9_0/lib\libxil.a(xil_cache.o) (__aeabi_uidiv)
c:/xilinx/sdk/2016.2/gnu/aarch32/nt/gcc-arm-none-eabi/bin/../lib/gcc/arm-none-eabi/4.9.2/v7-a/fpv3/hard\libgcc.a(_dvmd_tls.o)
                              c:/xilinx/sdk/2016.2/gnu/aarch32/nt/gcc-arm-none-eabi/bin/../lib/gcc/arm-none-eabi/4.9.2/v7-a/fpv3/hard\libgcc.a(_udivsi3.o) (__aeabi_idiv0)
c:/xilinx/sdk/2016.2/gnu/aarch32/nt/gcc-arm-none-eabi/bin/../lib/gcc/arm-none-eabi/4.9.2/v7-a/fpv3/hard\libgcc.a(_arm_addsubdf3.o)
                              ./src/main.o (__aeabi_ul2d)
c:/xilinx/sdk/2016.2/gnu/aarch32/nt/gcc-arm-none-eabi/bin/../lib/gcc/arm-none-eabi/4.9.2/v7-a/fpv3/hard\libgcc.a(_fixunsdfdi.o)
                              ./src/main.o (__aeabi_d2ulz)
c:/xilinx/sdk/2016.2/gnu/aarch32/nt/gcc-arm-none-eabi/bin/../lib/gcc/arm-none-eabi/4.9.2/v7-a/fpv3/hard\libgcc.a(unwind-arm.o)
                              ./src/main.o (__aeabi_unwind_cpp_pr1)
c:/xilinx/sdk/2016.2/gnu/aarch32/nt/gcc-arm-none-eabi/bin/../lib/gcc/arm-none-eabi/4.9.2/v7-a/fpv3/hard\libgcc.a(libunwind.o)
                              c:/xilinx/sdk/2016.2/gnu/aarch32/nt/gcc-arm-none-eabi/bin/../lib/gcc/arm-none-eabi/4.9.2/v7-a/fpv3/hard\libgcc.a(unwind-arm.o) (restore_core_regs)
c:/xilinx/sdk/2016.2/gnu/aarch32/nt/gcc-arm-none-eabi/bin/../lib/gcc/arm-none-eabi/4.9.2/v7-a/fpv3/hard\libgcc.a(pr-support.o)
                              c:/xilinx/sdk/2016.2/gnu/aarch32/nt/gcc-arm-none-eabi/bin/../lib/gcc/arm-none-eabi/4.9.2/v7-a/fpv3/hard\libgcc.a(unwind-arm.o) (__gnu_unwind_execute)
c:/xilinx/sdk/2016.2/gnu/aarch32/nt/gcc-arm-none-eabi/bin/../lib/gcc/arm-none-eabi/4.9.2/../../../../arm-none-eabi/lib/v7-a/fpv3/hard\libc.a(lib_a-abort.o)
                              c:/xilinx/sdk/2016.2/gnu/aarch32/nt/gcc-arm-none-eabi/bin/../lib/gcc/arm-none-eabi/4.9.2/v7-a/fpv3/hard\libgcc.a(unwind-arm.o) (abort)
c:/xilinx/sdk/2016.2/gnu/aarch32/nt/gcc-arm-none-eabi/bin/../lib/gcc/arm-none-eabi/4.9.2/../../../../arm-none-eabi/lib/v7-a/fpv3/hard\libc.a(lib_a-exit.o)
                              ../../KNN_AXI_Test_bsp/ps7_cortexa9_0/lib\libxil.a(xil-crt0.o) (exit)
c:/xilinx/sdk/2016.2/gnu/aarch32/nt/gcc-arm-none-eabi/bin/../lib/gcc/arm-none-eabi/4.9.2/../../../../arm-none-eabi/lib/v7-a/fpv3/hard\libc.a(lib_a-fini.o)
                              ../../KNN_AXI_Test_bsp/ps7_cortexa9_0/lib\libxil.a(xil-crt0.o) (__libc_fini_array)
c:/xilinx/sdk/2016.2/gnu/aarch32/nt/gcc-arm-none-eabi/bin/../lib/gcc/arm-none-eabi/4.9.2/../../../../arm-none-eabi/lib/v7-a/fpv3/hard\libc.a(lib_a-impure.o)
                              c:/xilinx/sdk/2016.2/gnu/aarch32/nt/gcc-arm-none-eabi/bin/../lib/gcc/arm-none-eabi/4.9.2/../../../../arm-none-eabi/lib/v7-a/fpv3/hard\libc.a(lib_a-exit.o) (_global_impure_ptr)
[...]
Memory Configuration

Name             Origin             Length             Attributes
ps7_ddr_0_S_AXI_BASEADDR 0x00100000         0x1ff00000
ps7_qspi_linear_0_S_AXI_BASEADDR 0xfc000000         0x01000000
ps7_ram_0_S_AXI_BASEADDR 0x00000000         0x00030000
ps7_ram_1_S_AXI_BASEADDR 0xffff0000         0x0000fe00
*default*        0x00000000         0xffffffff

Linker script and memory map

LOAD c:/xilinx/sdk/2016.2/gnu/aarch32/nt/gcc-arm-none-eabi/bin/../lib/gcc/arm-none-eabi/4.9.2/v7-a/fpv3/hard/crti.o
LOAD c:/xilinx/sdk/2016.2/gnu/aarch32/nt/gcc-arm-none-eabi/bin/../lib/gcc/arm-none-eabi/4.9.2/v7-a/fpv3/hard/crtbegin.o
                0x00100000                _STACK_SIZE = DEFINED (_STACK_SIZE)?_STACK_SIZE:0x100000
                0x00100000                _HEAP_SIZE = DEFINED (_HEAP_SIZE)?_HEAP_SIZE:0x100000
                0x00000400                _ABORT_STACK_SIZE = DEFINED (_ABORT_STACK_SIZE)?_ABORT_STACK_SIZE:0x400
                0x00000800                _SUPERVISOR_STACK_SIZE = DEFINED (_SUPERVISOR_STACK_SIZE)?_SUPERVISOR_STACK_SIZE:0x800
                0x00000400                _IRQ_STACK_SIZE = DEFINED (_IRQ_STACK_SIZE)?_IRQ_STACK_SIZE:0x400
                0x00000400                _FIQ_STACK_SIZE = DEFINED (_FIQ_STACK_SIZE)?_FIQ_STACK_SIZE:0x400
                0x00000400                _UNDEF_STACK_SIZE = DEFINED (_UNDEF_STACK_SIZE)?_UNDEF_STACK_SIZE:0x400

.text           0x00100000    0x103c8
 *(.vectors)
 .vectors       0x00100000      0x12c ../../KNN_AXI_Test_bsp/ps7_cortexa9_0/lib\libxil.a(asm_vectors.o)
                0x00100000                _vector_table
 *(.boot)
 .boot          0x0010012c      0x370 ../../KNN_AXI_Test_bsp/ps7_cortexa9_0/lib\libxil.a(boot.o)
                0x0010012c                _prestart
                0x0010012c                _boot
 *(.text)
 .text          0x0010049c        0x0 c:/xilinx/sdk/2016.2/gnu/aarch32/nt/gcc-arm-none-eabi/bin/../lib/gcc/arm-none-eabi/4.9.2/v7-a/fpv3/hard/crti.o
 .text          0x0010049c      0x108 c:/xilinx/sdk/2016.2/gnu/aarch32/nt/gcc-arm-none-eabi/bin/../lib/gcc/arm-none-eabi/4.9.2/v7-a/fpv3/hard/crtbegin.o
 .text          0x001005a4        0x0 ./src/DataSet.o
 *fill*         0x001005a4        0x4 
 .text          0x001005a8      0x448 ./src/main.o
                0x001005a8                main
 .text          0x001009f0       0x5c ./src/platform.o
                0x001009f0                _Z13enable_cachesv
                0x00100a04                _Z14disable_cachesv
                0x00100a14                _Z9init_uartv
                0x00100a28                _Z13init_platformv
                0x00100a3c                _Z16cleanup_platformv
 .text          0x00100a4c        0x0 ../../KNN_AXI_Test_bsp/ps7_cortexa9_0/lib\libxil.a(asm_vectors.o)
 .text          0x00100a4c        0x0 ../../KNN_AXI_Test_bsp/ps7_cortexa9_0/lib\libxil.a(boot.o)
 .text          0x00100a4c       0x28 ../../KNN_AXI_Test_bsp/ps7_cortexa9_0/lib\libxil.a(print.o)
                0x00100a4c                print
 .text          0x00100a74        0x0 ../../KNN_AXI_Test_bsp/ps7_cortexa9_0/lib\libxil.a(translation_table.o)
 .text          0x00100a74       0x78 ../../KNN_AXI_Test_bsp/ps7_cortexa9_0/lib\libxil.a(vectors.o)
                0x00100a74                UndefinedException
                0x00100a88                FIQInterrupt
                0x00100a9c                IRQInterrupt
                0x00100ab0                SWInterrupt
                0x00100ac4                DataAbortInterrupt
                0x00100ad8                PrefetchAbortInterrupt
 .text          0x00100aec       0x78 ../../KNN_AXI_Test_bsp/ps7_cortexa9_0/lib\libxil.a(xil-crt0.o)
                0x00100b00                _start
 .text          0x00100b64      0x9fc ../../KNN_AXI_Test_bsp/ps7_cortexa9_0/lib\libxil.a(xil_cache.o)
                0x00100b64                Xil_DCacheInvalidateLine
                0x00100ba8                Xil_DCacheFlushRange
                0x00100c08                Xil_DCacheStoreLine
                0x00100c48                Xil_ICacheInvalidateLine
                0x00100c8c                Xil_ICacheInvalidateRange
                0x00100ce4                Xil_L1DCacheInvalidate
                0x00100d8c                Xil_L1DCacheEnable
                0x00100dac                Xil_L1DCacheInvalidateLine
                0x00100dc4                Xil_L1DCacheInvalidateRange
                0x00100e0c                Xil_L1DCacheFlush
                0x00100e9c                Xil_L1DCacheDisable
                0x00100eb4                Xil_L1DCacheFlushLine
                0x00100ecc                Xil_L1DCacheFlushRange
                0x00100f14                Xil_L1DCacheStoreLine
                0x00100f2c                Xil_L1ICacheEnable
                0x00100f48                Xil_L1ICacheDisable
                0x00100f64                Xil_L1ICacheInvalidate
                0x00100f7c                Xil_L1ICacheInvalidateLine
                0x00100f94                Xil_L1ICacheInvalidateRange
                0x00100fdc                Xil_L2CacheInvalidate
                0x00101038                Xil_DCacheInvalidate
                0x00101058                Xil_ICacheInvalidate
                0x00101088                Xil_L2CacheEnable
                0x00101138                Xil_DCacheEnable
                0x00101148                Xil_ICacheEnable
                0x00101164                Xil_L2CacheInvalidateLine
                0x00101180                Xil_L2CacheInvalidateRange
                0x00101204                Xil_L2CacheFlush
                0x00101268                Xil_DCacheFlush
                0x00101288                Xil_L2CacheDisable
                0x001012c8                Xil_DCacheDisable
                0x001012e4                Xil_ICacheDisable
                0x00101308                Xil_L2CacheFlushLine
                0x00101338                Xil_DCacheInvalidateRange
                0x00101458                Xil_DCacheFlushLine
                0x001014c0                Xil_L2CacheFlushRange
                0x00101544                Xil_L2CacheStoreLine
 .text          0x00101560       0x58 ../../KNN_AXI_Test_bsp/ps7_cortexa9_0/lib\libxil.a(xil_exception.o)
                0x00101564                Xil_DataAbortHandler
                0x0010156c                Xil_PrefetchAbortHandler
                0x00101574                Xil_UndefinedExceptionHandler
                0x00101578                Xil_ExceptionInit
                0x0010157c                Xil_ExceptionRegisterHandler
                0x00101594                Xil_ExceptionRemoveHandler
 .text          0x001015b8       0x88 ../../KNN_AXI_Test_bsp/ps7_cortexa9_0/lib\libxil.a(xil_io.o)
                0x001015b8                Xil_In8
                0x001015c0                Xil_In16
                0x001015c8                Xil_In32
                0x001015d0                Xil_Out8
                0x001015d8                Xil_Out16
                0x001015e0                Xil_Out32
                0x001015e8                Xil_In16BE
                0x001015fc                Xil_In32BE
                0x00101608                Xil_Out16BE
                0x0010161c                Xil_Out32BE
                0x00101628                Xil_EndianSwap16
                0x00101638                Xil_EndianSwap32
 .text          0x00101640       0xa0 ../../KNN_AXI_Test_bsp/ps7_cortexa9_0/lib\libxil.a(xtime_l.o)
                0x00101640                XTime_SetTime
                0x00101690                XTime_GetTime
 .text          0x001016e0       0x3c ../../KNN_AXI_Test_bsp/ps7_cortexa9_0/lib\libxil.a(cpu_init.o)
                0x001016e0                __cpu_init
 .text          0x0010171c       0x10 ../../KNN_AXI_Test_bsp/ps7_cortexa9_0/lib\libxil.a(outbyte.o)
                0x0010171c                outbyte
 .text          0x0010172c       0xec ../../KNN_AXI_Test_bsp/ps7_cortexa9_0/lib\libxil.a(xuartps_hw.o)
                0x0010172c                XUartPs_SendByte
                0x0010175c                XUartPs_RecvByte
                0x00101788                XUartPs_ResetHw
 .text          0x00101818      0x20c c:/xilinx/sdk/2016.2/gnu/aarch32/nt/gcc-arm-none-eabi/bin/../lib/gcc/arm-none-eabi/4.9.2/v7-a/fpv3/hard\libgcc.a(_udivsi3.o)
                0x00101818                __aeabi_uidiv
                0x00101818                __udivsi3
                0x00101a04                __aeabi_uidivmod
 .text          0x00101a24        0x4 c:/xilinx/sdk/2016.2/gnu/aarch32/nt/gcc-arm-none-eabi/bin/../lib/gcc/arm-none-eabi/4.9.2/v7-a/fpv3/hard\libgcc.a(_dvmd_tls.o)
                0x00101a24                __aeabi_idiv0
                0x00101a24                __aeabi_ldiv0
 .text          0x00101a28      0x3b8 c:/xilinx/sdk/2016.2/gnu/aarch32/nt/gcc-arm-none-eabi/bin/../lib/gcc/arm-none-eabi/4.9.2/v7-a/fpv3/hard\libgcc.a(_arm_addsubdf3.o)
                0x00101a28                __aeabi_drsub
                0x00101a30                __aeabi_dsub
                0x00101a30                __subdf3
                0x00101a34                __aeabi_dadd
                0x00101a34                __adddf3
                0x00101ce0                __floatunsidf
                0x00101ce0                __aeabi_ui2d
                0x00101d04                __floatsidf
                0x00101d04                __aeabi_i2d
                0x00101d2c                __aeabi_f2d
                0x00101d2c                __extendsfdf2
                0x00101d6c                __floatundidf
                0x00101d6c                __aeabi_ul2d
                0x00101d80                __floatdidf
                0x00101d80                __aeabi_l2d
 .text          0x00101de0       0x50 c:/xilinx/sdk/2016.2/gnu/aarch32/nt/gcc-arm-none-eabi/bin/../lib/gcc/arm-none-eabi/4.9.2/v7-a/fpv3/hard\libgcc.a(_fixunsdfdi.o)
                0x00101de0                __fixunsdfdi
                0x00101de0                __aeabi_d2ulz
 .text          0x00101e30     0x108c c:/xilinx/sdk/2016.2/gnu/aarch32/nt/gcc-arm-none-eabi/bin/../lib/gcc/arm-none-eabi/4.9.2/v7-a/fpv3/hard\libgcc.a(unwind-arm.o)
                0x001022bc                _Unwind_GetCFA
                0x001022c4                __gnu_Unwind_RaiseException
                0x0010236c                __gnu_Unwind_ForcedUnwind
                0x00102390                __gnu_Unwind_Resume
                0x00102404                __gnu_Unwind_Resume_or_Rethrow
                0x00102424                _Unwind_Complete
                0x00102428                _Unwind_DeleteException
                0x00102440                _Unwind_VRS_Get
                0x001024c8                _Unwind_VRS_Set
                0x00102550                __gnu_Unwind_Backtrace
                0x00102a78                __aeabi_unwind_cpp_pr0
                0x00102a80                __aeabi_unwind_cpp_pr1
                0x00102a88                __aeabi_unwind_cpp_pr2
                0x00102a90                _Unwind_VRS_Pop
 .text          0x00102ebc      0x1a8 c:/xilinx/sdk/2016.2/gnu/aarch32/nt/gcc-arm-none-eabi/bin/../lib/gcc/arm-none-eabi/4.9.2/v7-a/fpv3/hard\libgcc.a(libunwind.o)
                0x00102ebc                __restore_core_regs
                0x00102ebc                restore_core_regs
                0x00102ed0                __gnu_Unwind_Restore_VFP
                0x00102ed8                __gnu_Unwind_Save_VFP
                0x00102ee0                __gnu_Unwind_Restore_VFP_D
                0x00102ee8                __gnu_Unwind_Save_VFP_D
                0x00102ef0                __gnu_Unwind_Restore_VFP_D_16_to_31
                0x00102ef8                __gnu_Unwind_Save_VFP_D_16_to_31
                0x00102f00                __gnu_Unwind_Restore_WMMXD
                0x00102f44                __gnu_Unwind_Save_WMMXD
                0x00102f88                __gnu_Unwind_Restore_WMMXC
                0x00102f9c                __gnu_Unwind_Save_WMMXC
                0x00102fb0                ___Unwind_RaiseException
                0x00102fb0                _Unwind_RaiseException
                0x00102fd4                _Unwind_Resume
                0x00102fd4                ___Unwind_Resume
                0x00102ff8                _Unwind_Resume_or_Rethrow
                0x00102ff8                ___Unwind_Resume_or_Rethrow
                0x0010301c                _Unwind_ForcedUnwind
                0x0010301c                ___Unwind_ForcedUnwind
                0x00103040                ___Unwind_Backtrace
                0x00103040                _Unwind_Backtrace
 .text          0x00103064      0x50c c:/xilinx/sdk/2016.2/gnu/aarch32/nt/gcc-arm-none-eabi/bin/../lib/gcc/arm-none-eabi/4.9.2/v7-a/fpv3/hard\libgcc.a(pr-support.o)
                0x001030f8                __gnu_unwind_execute
                0x001034f4                __gnu_unwind_frame
                0x00103534                _Unwind_GetRegionStart
                0x00103544                _Unwind_GetLanguageSpecificData
                0x00103560                _Unwind_GetDataRelBase
                0x00103568                _Unwind_GetTextRelBase
 .text          0x00103570       0x14 c:/xilinx/sdk/2016.2/gnu/aarch32/nt/gcc-arm-none-eabi/bin/../lib/gcc/arm-none-eabi/4.9.2/../../../../arm-none-eabi/lib/v7-a/fpv3/hard\libc.a(lib_a-abort.o)
                0x00103570                abort
 .text          0x00103584       0x34 c:/xilinx/sdk/2016.2/gnu/aarch32/nt/gcc-arm-none-eabi/bin/../lib/gcc/arm-none-eabi/4.9.2/../../../../arm-none-eabi/lib/v7-a/fpv3/hard\libc.a(lib_a-exit.o)
                0x00103584                exit
 .text          0x001035b8       0x40 c:/xilinx/sdk/2016.2/gnu/aarch32/nt/gcc-arm-none-eabi/bin/../lib/gcc/arm-none-eabi/4.9.2/../../../../arm-none-eabi/lib/v7-a/fpv3/hard\libc.a(lib_a-fini.o)
                0x001035b8                __libc_fini_array
 .text          0x001035f8        0x0 c:/xilinx/sdk/2016.2/gnu/aarch32/nt/gcc-arm-none-eabi/bin/../lib/gcc/arm-none-eabi/4.9.2/../../../../arm-none-eabi/lib/v7-a/fpv3/hard\libc.a(lib_a-impure.o)
 .text          0x001035f8       0x78 c:/xilinx/sdk/2016.2/gnu/aarch32/nt/gcc-arm-none-eabi/bin/../lib/gcc/arm-none-eabi/4.9.2/../../../../arm-none-eabi/lib/v7-a/fpv3/hard\libc.a(lib_a-init.o)
                0x001035f8                __libc_init_array
 *fill*         0x00103670       0x10 
 .text          0x00103680      0x600 c:/xilinx/sdk/2016.2/gnu/aarch32/nt/gcc-arm-none-eabi/bin/../lib/gcc/arm-none-eabi/4.9.2/../../../../arm-none-eabi/lib/v7-a/fpv3/hard\libc.a(lib_a-memcpy.o)
                0x00103680                memcpy
 .text          0x00103c80       0x74 c:/xilinx/sdk/2016.2/gnu/aarch32/nt/gcc-arm-none-eabi/bin/../lib/gcc/arm-none-eabi/4.9.2/../../../../arm-none-eabi/lib/v7-a/fpv3/hard\libc.a(lib_a-printf.o)
                0x00103c80                _printf_r
                0x00103cb4                printf
 .text          0x00103cf4      0x238 c:/xilinx/sdk/2016.2/gnu/aarch32/nt/gcc-arm-none-eabi/bin/../lib/gcc/arm-none-eabi/4.9.2/../../../../arm-none-eabi/lib/v7-a/fpv3/hard\libc.a(lib_a-signal.o)
                0x00103cf4                _init_signal_r
                0x00103d54                _signal_r
                0x00103db0                _raise_r
                0x00103e48                __sigtramp_r
                0x00103edc                raise
                0x00103ef0                signal
                0x00103f08                _init_signal
                0x00103f18                __sigtramp
 .text          0x00103f2c       0x44 c:/xilinx/sdk/2016.2/gnu/aarch32/nt/gcc-arm-none-eabi/bin/../lib/gcc/arm-none-eabi/4.9.2/../../../../arm-none-eabi/lib/v7-a/fpv3/hard\libc.a(lib_a-signalr.o)
                0x00103f2c                _kill_r
                0x00103f6c                _getpid_r
 .text          0x00103f70     0x2b10 c:/xilinx/sdk/2016.2/gnu/aarch32/nt/gcc-arm-none-eabi/bin/../lib/gcc/arm-none-eabi/4.9.2/../../../../arm-none-eabi/lib/v7-a/fpv3/hard\libc.a(lib_a-vfprintf.o)
                0x00103f70                _vfprintf_r
                0x001069b8                vfprintf
 .text          0x00106a80      0x128 c:/xilinx/sdk/2016.2/gnu/aarch32/nt/gcc-arm-none-eabi/bin/../lib/gcc/arm-none-eabi/4.9.2/../../../../arm-none-eabi/lib/v7-a/fpv3/hard\libc.a(lib_a-wcrtomb.o)
                0x00106a80                _wcrtomb_r
                0x00106b14                wcrtomb
 .text          0x00106ba8       0x5c c:/xilinx/sdk/2016.2/gnu/aarch32/nt/gcc-arm-none-eabi/bin/../lib/gcc/arm-none-eabi/4.9.2/../../../../arm-none-eabi/lib/v7-a/fpv3/hard\libc.a(lib_a-wcsrtombs.o)
                0x00106ba8                _wcsrtombs_r
                0x00106bcc                wcsrtombs
 .text          0x00106c04      0x3a8 c:/xilinx/sdk/2016.2/gnu/aarch32/nt/gcc-arm-none-eabi/bin/../lib/gcc/arm-none-eabi/4.9.2/../../../../arm-none-eabi/lib/v7-a/fpv3/hard\libc.a(lib_a-wctomb_r.o)
                0x00106c04                __ascii_wctomb
                0x00106c2c                _wctomb_r
                0x00106c74                __utf8_wctomb
                0x00106d78                __sjis_wctomb
                0x00106e04                __eucjp_wctomb
                0x00106ed4                __jis_wctomb
 .text          0x00106fac      0x14c c:/xilinx/sdk/2016.2/gnu/aarch32/nt/gcc-arm-none-eabi/bin/../lib/gcc/arm-none-eabi/4.9.2/../../../../arm-none-eabi/lib/v7-a/fpv3/hard\libc.a(lib_a-wsetup.o)
                0x00106fac                __swsetup_r
 .text          0x001070f8      0x168 c:/xilinx/sdk/2016.2/gnu/aarch32/nt/gcc-arm-none-eabi/bin/../lib/gcc/arm-none-eabi/4.9.2/../../../../arm-none-eabi/lib/v7-a/fpv3/hard\libc.a(lib_a-__call_atexit.o)
                0x001070f8                __call_exitprocs
 .text          0x00107260       0x14 c:/xilinx/sdk/2016.2/gnu/aarch32/nt/gcc-arm-none-eabi/bin/../lib/gcc/arm-none-eabi/4.9.2/../../../../arm-none-eabi/lib/v7-a/fpv3/hard\libc.a(lib_a-atexit.o)
                0x00107260                atexit
 *fill*         0x00107274        0x4 
 .text          0x00107278     0x1488 c:/xilinx/sdk/2016.2/gnu/aarch32/nt/gcc-arm-none-eabi/bin/../lib/gcc/arm-none-eabi/4.9.2/../../../../arm-none-eabi/lib/v7-a/fpv3/hard\libc.a(lib_a-dtoa.o)
                0x0010743c                _dtoa_r
 .text          0x00108700      0x2bc c:/xilinx/sdk/2016.2/gnu/aarch32/nt/gcc-arm-none-eabi/bin/../lib/gcc/arm-none-eabi/4.9.2/../../../../arm-none-eabi/lib/v7-a/fpv3/hard\libc.a(lib_a-fflush.o)
                0x00108700                __sflush_r
                0x0010893c                _fflush_r
                0x0010898c                fflush
 .text          0x001089bc      0x310 c:/xilinx/sdk/2016.2/gnu/aarch32/nt/gcc-arm-none-eabi/bin/../lib/gcc/arm-none-eabi/4.9.2/../../../../arm-none-eabi/lib/v7-a/fpv3/hard\libc.a(lib_a-findfp.o)
                0x001089cc                _cleanup_r
                0x00108b34                __sfmoreglue
                0x00108b7c                __sfp
                0x00108c64                _cleanup
                0x00108c7c                __sinit
                0x00108c8c                __sfp_lock_acquire
                0x00108c90                __sfp_lock_release
                0x00108c94                __sinit_lock_acquire
                0x00108c98                __sinit_lock_release
                0x00108c9c                __fp_lock_all
                0x00108cb4                __fp_unlock_all
 .text          0x00108ccc      0x3ac c:/xilinx/sdk/2016.2/gnu/aarch32/nt/gcc-arm-none-eabi/bin/../lib/gcc/arm-none-eabi/4.9.2/../../../../arm-none-eabi/lib/v7-a/fpv3/hard\libc.a(lib_a-freer.o)
                0x00108ccc                _malloc_trim_r
                0x00108dc8                _free_r
 .text          0x00109078       0xf8 c:/xilinx/sdk/2016.2/gnu/aarch32/nt/gcc-arm-none-eabi/bin/../lib/gcc/arm-none-eabi/4.9.2/../../../../arm-none-eabi/lib/v7-a/fpv3/hard\libc.a(lib_a-fwalk.o)
                0x00109078                _fwalk
                0x001090f0                _fwalk_reent
 .text          0x00109170      0xd6c c:/xilinx/sdk/2016.2/gnu/aarch32/nt/gcc-arm-none-eabi/bin/../lib/gcc/arm-none-eabi/4.9.2/../../../../arm-none-eabi/lib/v7-a/fpv3/hard\libc.a(lib_a-locale.o)
                0x00109b6c                _setlocale_r
                0x00109e74                __locale_charset
                0x00109e80                __locale_mb_cur_max
                0x00109e90                __locale_msgcharset
                0x00109e9c                __locale_cjk_lang
                0x00109eac                _localeconv_r
                0x00109eb8                setlocale
                0x00109ed0                localeconv
 .text          0x00109edc      0x16c c:/xilinx/sdk/2016.2/gnu/aarch32/nt/gcc-arm-none-eabi/bin/../lib/gcc/arm-none-eabi/4.9.2/../../../../arm-none-eabi/lib/v7-a/fpv3/hard\libc.a(lib_a-makebuf.o)
                0x00109edc                __smakebuf_r
 .text          0x0010a048      0x768 c:/xilinx/sdk/2016.2/gnu/aarch32/nt/gcc-arm-none-eabi/bin/../lib/gcc/arm-none-eabi/4.9.2/../../../../arm-none-eabi/lib/v7-a/fpv3/hard\libc.a(lib_a-mallocr.o)
                0x0010a048                _malloc_r
 .text          0x0010a7b0      0x748 c:/xilinx/sdk/2016.2/gnu/aarch32/nt/gcc-arm-none-eabi/bin/../lib/gcc/arm-none-eabi/4.9.2/../../../../arm-none-eabi/lib/v7-a/fpv3/hard\libc.a(lib_a-mbtowc_r.o)
                0x0010a7b0                __ascii_mbtowc
                0x0010a7fc                _mbtowc_r
                0x0010a848                __utf8_mbtowc
                0x0010ab44                __sjis_mbtowc
                0x0010ac18                __eucjp_mbtowc
                0x0010ad58                __jis_mbtowc
 *fill*         0x0010aef8        0x8 
 .text          0x0010af00       0xa0 c:/xilinx/sdk/2016.2/gnu/aarch32/nt/gcc-arm-none-eabi/bin/../lib/gcc/arm-none-eabi/4.9.2/../../../../arm-none-eabi/lib/v7-a/fpv3/hard\libc.a(lib_a-memchr.o)
                0x0010af00                memchr
 .text          0x0010afa0       0xf8 c:/xilinx/sdk/2016.2/gnu/aarch32/nt/gcc-arm-none-eabi/bin/../lib/gcc/arm-none-eabi/4.9.2/../../../../arm-none-eabi/lib/v7-a/fpv3/hard\libc.a(lib_a-memset.o)
                0x0010afa0                memset
 .text          0x0010b098        0x8 c:/xilinx/sdk/2016.2/gnu/aarch32/nt/gcc-arm-none-eabi/bin/../lib/gcc/arm-none-eabi/4.9.2/../../../../arm-none-eabi/lib/v7-a/fpv3/hard\libc.a(lib_a-mlock.o)
                0x0010b098                __malloc_lock
                0x0010b09c                __malloc_unlock
 .text          0x0010b0a0      0xcdc c:/xilinx/sdk/2016.2/gnu/aarch32/nt/gcc-arm-none-eabi/bin/../lib/gcc/arm-none-eabi/4.9.2/../../../../arm-none-eabi/lib/v7-a/fpv3/hard\libc.a(lib_a-mprec.o)
                0x0010b0a0                _Balloc
                0x0010b12c                _Bfree
                0x0010b148                __multadd
                0x0010b218                __s2b
                0x0010b2fc                __hi0bits
                0x0010b360                __lo0bits
                0x0010b3f0                __i2b
                0x0010b410                __multiply
                0x0010b5ec                __pow5mult
                0x0010b6e8                __lshift
                0x0010b7e4                __mcmp
                0x0010b848                __mdiff
                0x0010b988                __ulp
                0x0010b9fc                __b2d
                0x0010bae0                __d2b
                0x0010bbe0                __ratio
                0x0010bc5c                _mprec_log10
                0x0010bc90                __copybits
                0x0010bcfc                __any_on
 .text          0x0010bd7c      0x11c c:/xilinx/sdk/2016.2/gnu/aarch32/nt/gcc-arm-none-eabi/bin/../lib/gcc/arm-none-eabi/4.9.2/../../../../arm-none-eabi/lib/v7-a/fpv3/hard\libc.a(lib_a-reent.o)
                0x0010bd7c                cleanup_glue
                0x0010bda8                _reclaim_reent
 .text          0x0010be98       0x74 c:/xilinx/sdk/2016.2/gnu/aarch32/nt/gcc-arm-none-eabi/bin/../lib/gcc/arm-none-eabi/4.9.2/../../../../arm-none-eabi/lib/v7-a/fpv3/hard\libc.a(lib_a-s_fpclassify.o)
                0x0010be98                __fpclassifyd
 *fill*         0x0010bf0c        0x4 
 .text          0x0010bf10       0x90 c:/xilinx/sdk/2016.2/gnu/aarch32/nt/gcc-arm-none-eabi/bin/../lib/gcc/arm-none-eabi/4.9.2/../../../../arm-none-eabi/lib/v7-a/fpv3/hard\libc.a(lib_a-s_frexp.o)
                0x0010bf10                frexp
 .text          0x0010bfa0       0x38 c:/xilinx/sdk/2016.2/gnu/aarch32/nt/gcc-arm-none-eabi/bin/../lib/gcc/arm-none-eabi/4.9.2/../../../../arm-none-eabi/lib/v7-a/fpv3/hard\libc.a(lib_a-sbrkr.o)
                0x0010bfa0                _sbrk_r
 .text          0x0010bfd8       0xc0 c:/xilinx/sdk/2016.2/gnu/aarch32/nt/gcc-arm-none-eabi/bin/../lib/gcc/arm-none-eabi/4.9.2/../../../../arm-none-eabi/lib/v7-a/fpv3/hard\libc.a(lib_a-stdio.o)
                0x0010bfd8                __sread
                0x0010c008                __seofread
                0x0010c010                __swrite
                0x0010c064                __sseek
                0x0010c090                __sclose
 .text          0x0010c098       0x6c c:/xilinx/sdk/2016.2/gnu/aarch32/nt/gcc-arm-none-eabi/bin/../lib/gcc/arm-none-eabi/4.9.2/../../../../arm-none-eabi/lib/v7-a/fpv3/hard\libc.a(lib_a-strcasecmp.o)
                0x0010c098                strcasecmp
 .text          0x0010c104       0x80 c:/xilinx/sdk/2016.2/gnu/aarch32/nt/gcc-arm-none-eabi/bin/../lib/gcc/arm-none-eabi/4.9.2/../../../../arm-none-eabi/lib/v7-a/fpv3/hard\libc.a(lib_a-strcat.o)
                0x0010c104                strcat
 .text          0x0010c184      0x178 c:/xilinx/sdk/2016.2/gnu/aarch32/nt/gcc-arm-none-eabi/bin/../lib/gcc/arm-none-eabi/4.9.2/../../../../arm-none-eabi/lib/v7-a/fpv3/hard\libc.a(lib_a-strchr.o)
                0x0010c184                strchr
 *fill*         0x0010c2fc        0x4 
 .text          0x0010c300      0x2e0 c:/xilinx/sdk/2016.2/gnu/aarch32/nt/gcc-arm-none-eabi/bin/../lib/gcc/arm-none-eabi/4.9.2/../../../../arm-none-eabi/lib/v7-a/fpv3/hard\libc.a(lib_a-strcmp.o)
                0x0010c308                strcmp
 .text          0x0010c5e0       0xf8 c:/xilinx/sdk/2016.2/gnu/aarch32/nt/gcc-arm-none-eabi/bin/../lib/gcc/arm-none-eabi/4.9.2/../../../../arm-none-eabi/lib/v7-a/fpv3/hard\libc.a(lib_a-strcpy.o)
                0x0010c5e0                strcpy
 .text          0x0010c6d8       0x48 c:/xilinx/sdk/2016.2/gnu/aarch32/nt/gcc-arm-none-eabi/bin/../lib/gcc/arm-none-eabi/4.9.2/../../../../arm-none-eabi/lib/v7-a/fpv3/hard\libc.a(lib_a-strlcpy.o)
                0x0010c6d8                strlcpy
 *fill*         0x0010c720       0x20 
 .text          0x0010c740      0x100 c:/xilinx/sdk/2016.2/gnu/aarch32/nt/gcc-arm-none-eabi/bin/../lib/gcc/arm-none-eabi/4.9.2/../../../../arm-none-eabi/lib/v7-a/fpv3/hard\libc.a(lib_a-strlen-armv7.o)
                0x0010c740                strlen
 .text          0x0010c840       0x90 c:/xilinx/sdk/2016.2/gnu/aarch32/nt/gcc-arm-none-eabi/bin/../lib/gcc/arm-none-eabi/4.9.2/../../../../arm-none-eabi/lib/v7-a/fpv3/hard\libc.a(lib_a-strncasecmp.o)
                0x0010c840                strncasecmp
 .text          0x0010c8d0      0x110 c:/xilinx/sdk/2016.2/gnu/aarch32/nt/gcc-arm-none-eabi/bin/../lib/gcc/arm-none-eabi/4.9.2/../../../../arm-none-eabi/lib/v7-a/fpv3/hard\libc.a(lib_a-strncmp.o)
                0x0010c8d0                strncmp
 .text          0x0010c9e0       0xdc c:/xilinx/sdk/2016.2/gnu/aarch32/nt/gcc-arm-none-eabi/bin/../lib/gcc/arm-none-eabi/4.9.2/../../../../arm-none-eabi/lib/v7-a/fpv3/hard\libc.a(lib_a-strncpy.o)
                0x0010c9e0                strncpy
 .text          0x0010cabc      0x1fc c:/xilinx/sdk/2016.2/gnu/aarch32/nt/gcc-arm-none-eabi/bin/../lib/gcc/arm-none-eabi/4.9.2/../../../../arm-none-eabi/lib/v7-a/fpv3/hard\libc.a(lib_a-strtol.o)
                0x0010cabc                _strtol_r
                0x0010cc9c                strtol
 .text          0x0010ccb8     0x19ec c:/xilinx/sdk/2016.2/gnu/aarch32/nt/gcc-arm-none-eabi/bin/../lib/gcc/arm-none-eabi/4.9.2/../../../../arm-none-eabi/lib/v7-a/fpv3/hard\libc.a(lib_a-vfiprintf.o)
                0x0010cd5c                __sprint_r
                0x0010cd78                _vfiprintf_r
                0x0010e5e0                vfiprintf
 .text          0x0010e6a4      0x1c8 c:/xilinx/sdk/2016.2/gnu/aarch32/nt/gcc-arm-none-eabi/bin/../lib/gcc/arm-none-eabi/4.9.2/../../../../arm-none-eabi/lib/v7-a/fpv3/hard\libc.a(lib_a-wcsnrtombs.o)
                0x0010e6a4                _wcsnrtombs_r
                0x0010e830                wcsnrtombs
 .text          0x0010e86c       0x44 c:/xilinx/sdk/2016.2/gnu/aarch32/nt/gcc-arm-none-eabi/bin/../lib/gcc/arm-none-eabi/4.9.2/../../../../arm-none-eabi/lib/v7-a/fpv3/hard\libc.a(lib_a-writer.o)
                0x0010e86c                _write_r
 .text          0x0010e8b0       0xd8 c:/xilinx/sdk/2016.2/gnu/aarch32/nt/gcc-arm-none-eabi/bin/../lib/gcc/arm-none-eabi/4.9.2/../../../../arm-none-eabi/lib/v7-a/fpv3/hard\libc.a(lib_a-__atexit.o)
                0x0010e8b0                __register_exitproc
 .text          0x0010e988       0x94 c:/xilinx/sdk/2016.2/gnu/aarch32/nt/gcc-arm-none-eabi/bin/../lib/gcc/arm-none-eabi/4.9.2/../../../../arm-none-eabi/lib/v7-a/fpv3/hard\libc.a(lib_a-callocr.o)
                0x0010e988                _calloc_r
 .text          0x0010ea1c       0x38 c:/xilinx/sdk/2016.2/gnu/aarch32/nt/gcc-arm-none-eabi/bin/../lib/gcc/arm-none-eabi/4.9.2/../../../../arm-none-eabi/lib/v7-a/fpv3/hard\libc.a(lib_a-closer.o)
                0x0010ea1c                _close_r
 .text          0x0010ea54       0x18 c:/xilinx/sdk/2016.2/gnu/aarch32/nt/gcc-arm-none-eabi/bin/../lib/gcc/arm-none-eabi/4.9.2/../../../../arm-none-eabi/lib/v7-a/fpv3/hard\libc.a(lib_a-ctype_.o)
                0x0010ea54                __set_ctype
 .text          0x0010ea6c      0x108 c:/xilinx/sdk/2016.2/gnu/aarch32/nt/gcc-arm-none-eabi/bin/../lib/gcc/arm-none-eabi/4.9.2/../../../../arm-none-eabi/lib/v7-a/fpv3/hard\libc.a(lib_a-fclose.o)
                0x0010ea6c                _fclose_r
                0x0010eb60                fclose
 .text          0x0010eb74      0x18c c:/xilinx/sdk/2016.2/gnu/aarch32/nt/gcc-arm-none-eabi/bin/../lib/gcc/arm-none-eabi/4.9.2/../../../../arm-none-eabi/lib/v7-a/fpv3/hard\libc.a(lib_a-fputwc.o)
                0x0010eb74                _fputwc_r
                0x0010ecb8                fputwc
 .text          0x0010ed00       0x40 c:/xilinx/sdk/2016.2/gnu/aarch32/nt/gcc-arm-none-eabi/bin/../lib/gcc/arm-none-eabi/4.9.2/../../../../arm-none-eabi/lib/v7-a/fpv3/hard\libc.a(lib_a-fstatr.o)
                0x0010ed00                _fstat_r
 .text          0x0010ed40      0x4c0 c:/xilinx/sdk/2016.2/gnu/aarch32/nt/gcc-arm-none-eabi/bin/../lib/gcc/arm-none-eabi/4.9.2/../../../../arm-none-eabi/lib/v7-a/fpv3/hard\libc.a(lib_a-fvwrite.o)
                0x0010ed40                __sfvwrite_r
 .text          0x0010f200       0xe0 c:/xilinx/sdk/2016.2/gnu/aarch32/nt/gcc-arm-none-eabi/bin/../lib/gcc/arm-none-eabi/4.9.2/../../../../arm-none-eabi/lib/v7-a/fpv3/hard\libc.a(lib_a-getenv_r.o)
                0x0010f200                _findenv_r
                0x0010f2c8                _getenv_r
 .text          0x0010f2e0       0x38 c:/xilinx/sdk/2016.2/gnu/aarch32/nt/gcc-arm-none-eabi/bin/../lib/gcc/arm-none-eabi/4.9.2/../../../../arm-none-eabi/lib/v7-a/fpv3/hard\libc.a(lib_a-isattyr.o)
                0x0010f2e0                _isatty_r
 .text          0x0010f318       0x44 c:/xilinx/sdk/2016.2/gnu/aarch32/nt/gcc-arm-none-eabi/bin/../lib/gcc/arm-none-eabi/4.9.2/../../../../arm-none-eabi/lib/v7-a/fpv3/hard\libc.a(lib_a-lseekr.o)
                0x0010f318                _lseek_r
 .text          0x0010f35c      0x128 c:/xilinx/sdk/2016.2/gnu/aarch32/nt/gcc-arm-none-eabi/bin/../lib/gcc/arm-none-eabi/4.9.2/../../../../arm-none-eabi/lib/v7-a/fpv3/hard\libc.a(lib_a-memmove.o)
                0x0010f35c                memmove
 .text          0x0010f484       0x44 c:/xilinx/sdk/2016.2/gnu/aarch32/nt/gcc-arm-none-eabi/bin/../lib/gcc/arm-none-eabi/4.9.2/../../../../arm-none-eabi/lib/v7-a/fpv3/hard\libc.a(lib_a-readr.o)
                0x0010f484                _read_r
 .text          0x0010f4c8      0x568 c:/xilinx/sdk/2016.2/gnu/aarch32/nt/gcc-arm-none-eabi/bin/../lib/gcc/arm-none-eabi/4.9.2/../../../../arm-none-eabi/lib/v7-a/fpv3/hard\libc.a(lib_a-reallocr.o)
                0x0010f4c8                _realloc_r
 .text          0x0010fa30      0x13c c:/xilinx/sdk/2016.2/gnu/aarch32/nt/gcc-arm-none-eabi/bin/../lib/gcc/arm-none-eabi/4.9.2/../../../../arm-none-eabi/lib/v7-a/fpv3/hard\libc.a(lib_a-wbuf.o)
                0x0010fa30                __swbuf_r
                0x0010fb54                __swbuf
 .text          0x0010fb6c        0x0 c:/xilinx/sdk/2016.2/gnu/aarch32/nt/gcc-arm-none-eabi/bin/../lib/gcc/arm-none-eabi/4.9.2/../../../../arm-none-eabi/lib/v7-a/fpv3/hard\libc.a(lib_a-environ.o)
 .text          0x0010fb6c        0x8 c:/xilinx/sdk/2016.2/gnu/aarch32/nt/gcc-arm-none-eabi/bin/../lib/gcc/arm-none-eabi/4.9.2/../../../../arm-none-eabi/lib/v7-a/fpv3/hard\libc.a(lib_a-envlock.o)
                0x0010fb6c                __env_lock
                0x0010fb70                __env_unlock
 .text          0x0010fb74        0x4 ../../KNN_AXI_Test_bsp/ps7_cortexa9_0/lib\libxil.a(_exit.o)
                0x0010fb74                _exit
 .text          0x0010fb78       0x3c ../../KNN_AXI_Test_bsp/ps7_cortexa9_0/lib\libxil.a(_sbrk.o)
                0x0010fb78                _sbrk
 .text          0x0010fbb4        0x8 ../../KNN_AXI_Test_bsp/ps7_cortexa9_0/lib\libxil.a(close.o)
                0x0010fbb4                _close
 .text          0x0010fbbc       0x10 ../../KNN_AXI_Test_bsp/ps7_cortexa9_0/lib\libxil.a(fstat.o)
                0x0010fbbc                _fstat
 .text          0x0010fbcc       0x10 ../../KNN_AXI_Test_bsp/ps7_cortexa9_0/lib\libxil.a(getpid.o)
                0x0010fbcc                getpid
                0x0010fbd4                _getpid
 .text          0x0010fbdc       0x10 ../../KNN_AXI_Test_bsp/ps7_cortexa9_0/lib\libxil.a(isatty.o)
                0x0010fbdc                isatty
                0x0010fbe4                _isatty
 .text          0x0010fbec       0x38 ../../KNN_AXI_Test_bsp/ps7_cortexa9_0/lib\libxil.a(kill.o)
                0x0010fbec                kill
                0x0010fc08                _kill
 .text          0x0010fc24       0x30 ../../KNN_AXI_Test_bsp/ps7_cortexa9_0/lib\libxil.a(lseek.o)
                0x0010fc24                lseek
                0x0010fc3c                _lseek
 .text          0x0010fc54       0xc0 ../../KNN_AXI_Test_bsp/ps7_cortexa9_0/lib\libxil.a(read.o)
                0x0010fc54                read
                0x0010fcb4                _read
 .text          0x0010fd14       0xc0 ../../KNN_AXI_Test_bsp/ps7_cortexa9_0/lib\libxil.a(write.o)
                0x0010fd14                write
                0x0010fd74                _write
 .text          0x0010fdd4       0x10 ../../KNN_AXI_Test_bsp/ps7_cortexa9_0/lib\libxil.a(errno.o)
                0x0010fdd4                __errno
 .text          0x0010fde4        0xc ../../KNN_AXI_Test_bsp/ps7_cortexa9_0/lib\libxil.a(inbyte.o)
                0x0010fde4                inbyte
 .text          0x0010fdf0      0x240 c:/xilinx/sdk/2016.2/gnu/aarch32/nt/gcc-arm-none-eabi/bin/../lib/gcc/arm-none-eabi/4.9.2/v7-a/fpv3/hard\libgcc.a(_divsi3.o)
                0x0010fdf0                __divsi3
                0x0010fdf0                __aeabi_idiv
                0x00110010                __aeabi_idivmod
 .text          0x00110030       0x3c c:/xilinx/sdk/2016.2/gnu/aarch32/nt/gcc-arm-none-eabi/bin/../lib/gcc/arm-none-eabi/4.9.2/v7-a/fpv3/hard\libgcc.a(_aeabi_uldivmod.o)
                0x00110030                __aeabi_uldivmod
 .text          0x0011006c       0x78 c:/xilinx/sdk/2016.2/gnu/aarch32/nt/gcc-arm-none-eabi/bin/../lib/gcc/arm-none-eabi/4.9.2/v7-a/fpv3/hard\libgcc.a(bpabi.o)
                0x0011006c                __gnu_ldivmod_helper
                0x001100a8                __gnu_uldivmod_helper
 .text          0x001100e4      0x180 c:/xilinx/sdk/2016.2/gnu/aarch32/nt/gcc-arm-none-eabi/bin/../lib/gcc/arm-none-eabi/4.9.2/v7-a/fpv3/hard\libgcc.a(_divdi3.o)
                0x001100e4                __divdi3
 .text          0x00110264      0x124 c:/xilinx/sdk/2016.2/gnu/aarch32/nt/gcc-arm-none-eabi/bin/../lib/gcc/arm-none-eabi/4.9.2/v7-a/fpv3/hard\libgcc.a(_udivdi3.o)
                0x00110264                __udivdi3
 .text          0x00110388        0x0 c:/xilinx/sdk/2016.2/gnu/aarch32/nt/gcc-arm-none-eabi/bin/../lib/gcc/arm-none-eabi/4.9.2/v7-a/fpv3/hard/crtend.o
 .text          0x00110388        0x0 c:/xilinx/sdk/2016.2/gnu/aarch32/nt/gcc-arm-none-eabi/bin/../lib/gcc/arm-none-eabi/4.9.2/v7-a/fpv3/hard/crtn.o
 *(.text.*)
 .text.startup  0x00110388       0x1c c:/xilinx/sdk/2016.2/gnu/aarch32/nt/gcc-arm-none-eabi/bin/../lib/gcc/arm-none-eabi/4.9.2/../../../../arm-none-eabi/lib/v7-a/fpv3/hard\libc.a(lib_a-__call_atexit.o)
 *(.gnu.linkonce.t.*)
 *(.plt)
 *(.gnu_warning)
 *(.gcc_execpt_table)
 *(.glue_7)
 .glue_7        0x00000000        0x0 linker stubs
 *(.glue_7t)
 .glue_7t       0x00000000        0x0 linker stubs
 *(.vfp11_veneer)
 .vfp11_veneer  0x00000000        0x0 linker stubs
 *(.ARM.extab)
 .ARM.extab     0x001103a4        0xc ./src/main.o
 .ARM.extab     0x001103b0       0x18 ./src/platform.o
 .ARM.extab     0x001103c8        0x0 c:/xilinx/sdk/2016.2/gnu/aarch32/nt/gcc-arm-none-eabi/bin/../lib/gcc/arm-none-eabi/4.9.2/v7-a/fpv3/hard\libgcc.a(unwind-arm.o)
 .ARM.extab     0x001103c8        0x0 c:/xilinx/sdk/2016.2/gnu/aarch32/nt/gcc-arm-none-eabi/bin/../lib/gcc/arm-none-eabi/4.9.2/v7-a/fpv3/hard\libgcc.a(pr-support.o)
 .ARM.extab     0x001103c8        0x0 c:/xilinx/sdk/2016.2/gnu/aarch32/nt/gcc-arm-none-eabi/bin/../lib/gcc/arm-none-eabi/4.9.2/v7-a/fpv3/hard\libgcc.a(_divdi3.o)
 .ARM.extab     0x001103c8        0x0 c:/xilinx/sdk/2016.2/gnu/aarch32/nt/gcc-arm-none-eabi/bin/../lib/gcc/arm-none-eabi/4.9.2/v7-a/fpv3/hard\libgcc.a(_udivdi3.o)
 *(.gnu.linkonce.armextab.*)

.v4_bx          0x001103c8        0x0
 .v4_bx         0x00000000        0x0 linker stubs

.iplt           0x001103c8        0x0
 .iplt          0x00000000        0x0 c:/xilinx/sdk/2016.2/gnu/aarch32/nt/gcc-arm-none-eabi/bin/../lib/gcc/arm-none-eabi/4.9.2/v7-a/fpv3/hard/crtbegin.o

.init           0x001103c8       0x18
 *(.init)
 .init          0x001103c8        0xc c:/xilinx/sdk/2016.2/gnu/aarch32/nt/gcc-arm-none-eabi/bin/../lib/gcc/arm-none-eabi/4.9.2/v7-a/fpv3/hard/crti.o
                0x001103c8                _init
 .init          0x001103d4        0xc c:/xilinx/sdk/2016.2/gnu/aarch32/nt/gcc-arm-none-eabi/bin/../lib/gcc/arm-none-eabi/4.9.2/v7-a/fpv3/hard/crtn.o

.fini           0x001103e0       0x18
 *(.fini)
 .fini          0x001103e0        0xc c:/xilinx/sdk/2016.2/gnu/aarch32/nt/gcc-arm-none-eabi/bin/../lib/gcc/arm-none-eabi/4.9.2/v7-a/fpv3/hard/crti.o
                0x001103e0                _fini
 .fini          0x001103ec        0xc c:/xilinx/sdk/2016.2/gnu/aarch32/nt/gcc-arm-none-eabi/bin/../lib/gcc/arm-none-eabi/4.9.2/v7-a/fpv3/hard/crtn.o

.rodata         0x001103f8   0xee1874
                0x001103f8                __rodata_start = .
 *(.rodata)
 .rodata        0x001103f8   0xee1340 ./src/DataSet.o
                0x001103f8                myIntDataSet
 .rodata        0x00ff1738       0x98 ./src/main.o
 .rodata        0x00ff17d0        0x4 c:/xilinx/sdk/2016.2/gnu/aarch32/nt/gcc-arm-none-eabi/bin/../lib/gcc/arm-none-eabi/4.9.2/../../../../arm-none-eabi/lib/v7-a/fpv3/hard\libc.a(lib_a-impure.o)
                0x00ff17d0                _global_impure_ptr
 .rodata        0x00ff17d4       0x20 c:/xilinx/sdk/2016.2/gnu/aarch32/nt/gcc-arm-none-eabi/bin/../lib/gcc/arm-none-eabi/4.9.2/../../../../arm-none-eabi/lib/v7-a/fpv3/hard\libc.a(lib_a-vfprintf.o)
 .rodata        0x00ff17f4       0x1c c:/xilinx/sdk/2016.2/gnu/aarch32/nt/gcc-arm-none-eabi/bin/../lib/gcc/arm-none-eabi/4.9.2/../../../../arm-none-eabi/lib/v7-a/fpv3/hard\libc.a(lib_a-locale.o)
 .rodata        0x00ff1810       0x90 c:/xilinx/sdk/2016.2/gnu/aarch32/nt/gcc-arm-none-eabi/bin/../lib/gcc/arm-none-eabi/4.9.2/../../../../arm-none-eabi/lib/v7-a/fpv3/hard\libc.a(lib_a-mbtowc_r.o)
 .rodata        0x00ff18a0      0x128 c:/xilinx/sdk/2016.2/gnu/aarch32/nt/gcc-arm-none-eabi/bin/../lib/gcc/arm-none-eabi/4.9.2/../../../../arm-none-eabi/lib/v7-a/fpv3/hard\libc.a(lib_a-mprec.o)
                0x00ff18b0                __mprec_tens
                0x00ff1978                __mprec_tinytens
                0x00ff19a0                __mprec_bigtens
 .rodata        0x00ff19c8       0x20 c:/xilinx/sdk/2016.2/gnu/aarch32/nt/gcc-arm-none-eabi/bin/../lib/gcc/arm-none-eabi/4.9.2/../../../../arm-none-eabi/lib/v7-a/fpv3/hard\libc.a(lib_a-vfiprintf.o)
 .rodata        0x00ff19e8      0x104 c:/xilinx/sdk/2016.2/gnu/aarch32/nt/gcc-arm-none-eabi/bin/../lib/gcc/arm-none-eabi/4.9.2/../../../../arm-none-eabi/lib/v7-a/fpv3/hard\libc.a(lib_a-ctype_.o)
                0x00ff19e8                _ctype_
 *(.rodata.*)
 .rodata.str1.4
                0x00ff1aec        0x2 c:/xilinx/sdk/2016.2/gnu/aarch32/nt/gcc-arm-none-eabi/bin/../lib/gcc/arm-none-eabi/4.9.2/../../../../arm-none-eabi/lib/v7-a/fpv3/hard\libc.a(lib_a-impure.o)
                                  0x4 (size before relaxing)
 *fill*         0x00ff1aee        0x2 
 .rodata.str1.4
                0x00ff1af0       0x42 c:/xilinx/sdk/2016.2/gnu/aarch32/nt/gcc-arm-none-eabi/bin/../lib/gcc/arm-none-eabi/4.9.2/../../../../arm-none-eabi/lib/v7-a/fpv3/hard\libc.a(lib_a-vfprintf.o)
                                 0x44 (size before relaxing)
 *fill*         0x00ff1b32        0x2 
 .rodata.str1.4
                0x00ff1b34       0x10 c:/xilinx/sdk/2016.2/gnu/aarch32/nt/gcc-arm-none-eabi/bin/../lib/gcc/arm-none-eabi/4.9.2/../../../../arm-none-eabi/lib/v7-a/fpv3/hard\libc.a(lib_a-dtoa.o)
                                 0x14 (size before relaxing)
 .rodata.str1.4
                0x00ff1b44      0x128 c:/xilinx/sdk/2016.2/gnu/aarch32/nt/gcc-arm-none-eabi/bin/../lib/gcc/arm-none-eabi/4.9.2/../../../../arm-none-eabi/lib/v7-a/fpv3/hard\libc.a(lib_a-locale.o)
                                0x130 (size before relaxing)
 .rodata.str1.4
                0x00000000       0x30 c:/xilinx/sdk/2016.2/gnu/aarch32/nt/gcc-arm-none-eabi/bin/../lib/gcc/arm-none-eabi/4.9.2/../../../../arm-none-eabi/lib/v7-a/fpv3/hard\libc.a(lib_a-vfiprintf.o)
 *(.gnu.linkonce.r.*)
                0x00ff1c6c                __rodata_end = .

.rodata1        0x00ff1c6c        0x0
                0x00ff1c6c                __rodata1_start = .
 *(.rodata1)
 *(.rodata1.*)
                0x00ff1c6c                __rodata1_end = .

.sdata2         0x00ff1c6c        0x0
                0x00ff1c6c                __sdata2_start = .
 *(.sdata2)
 *(.sdata2.*)
 *(.gnu.linkonce.s2.*)
                0x00ff1c6c                __sdata2_end = .

.sbss2          0x00ff1c6c        0x0
                0x00ff1c6c                __sbss2_start = .
 *(.sbss2)
 *(.sbss2.*)
 *(.gnu.linkonce.sb2.*)
                0x00ff1c6c                __sbss2_end = .

.data           0x00ff1c70      0xa10
                0x00ff1c70                __data_start = .
 *(.data)
 .data          0x00ff1c70        0x0 c:/xilinx/sdk/2016.2/gnu/aarch32/nt/gcc-arm-none-eabi/bin/../lib/gcc/arm-none-eabi/4.9.2/v7-a/fpv3/hard/crti.o
 .data          0x00ff1c70        0x4 c:/xilinx/sdk/2016.2/gnu/aarch32/nt/gcc-arm-none-eabi/bin/../lib/gcc/arm-none-eabi/4.9.2/v7-a/fpv3/hard/crtbegin.o
                0x00ff1c70                __dso_handle
 .data          0x00ff1c74        0x0 ./src/DataSet.o
 .data          0x00ff1c74        0x0 ./src/main.o
 .data          0x00ff1c74        0x0 ./src/platform.o
 .data          0x00ff1c74        0x0 ../../KNN_AXI_Test_bsp/ps7_cortexa9_0/lib\libxil.a(asm_vectors.o)
 .data          0x00ff1c74        0x0 ../../KNN_AXI_Test_bsp/ps7_cortexa9_0/lib\libxil.a(boot.o)
 .data          0x00ff1c74        0x0 ../../KNN_AXI_Test_bsp/ps7_cortexa9_0/lib\libxil.a(print.o)
 .data          0x00ff1c74        0x0 ../../KNN_AXI_Test_bsp/ps7_cortexa9_0/lib\libxil.a(translation_table.o)
 .data          0x00ff1c74        0x0 ../../KNN_AXI_Test_bsp/ps7_cortexa9_0/lib\libxil.a(vectors.o)
 .data          0x00ff1c74        0x0 ../../KNN_AXI_Test_bsp/ps7_cortexa9_0/lib\libxil.a(xil-crt0.o)
 .data          0x00ff1c74        0x0 ../../KNN_AXI_Test_bsp/ps7_cortexa9_0/lib\libxil.a(xil_cache.o)
 .data          0x00ff1c74       0x38 ../../KNN_AXI_Test_bsp/ps7_cortexa9_0/lib\libxil.a(xil_exception.o)
                0x00ff1c74                XExc_VectorTable
 .data          0x00ff1cac        0x0 ../../KNN_AXI_Test_bsp/ps7_cortexa9_0/lib\libxil.a(xil_io.o)
 .data          0x00ff1cac        0x0 ../../KNN_AXI_Test_bsp/ps7_cortexa9_0/lib\libxil.a(xtime_l.o)
 .data          0x00ff1cac        0x0 ../../KNN_AXI_Test_bsp/ps7_cortexa9_0/lib\libxil.a(cpu_init.o)
 .data          0x00ff1cac        0x0 ../../KNN_AXI_Test_bsp/ps7_cortexa9_0/lib\libxil.a(outbyte.o)
 .data          0x00ff1cac        0x0 ../../KNN_AXI_Test_bsp/ps7_cortexa9_0/lib\libxil.a(xuartps_hw.o)
 .data          0x00ff1cac        0x0 c:/xilinx/sdk/2016.2/gnu/aarch32/nt/gcc-arm-none-eabi/bin/../lib/gcc/arm-none-eabi/4.9.2/v7-a/fpv3/hard\libgcc.a(_udivsi3.o)
 .data          0x00ff1cac        0x0 c:/xilinx/sdk/2016.2/gnu/aarch32/nt/gcc-arm-none-eabi/bin/../lib/gcc/arm-none-eabi/4.9.2/v7-a/fpv3/hard\libgcc.a(_dvmd_tls.o)
 .data          0x00ff1cac        0x0 c:/xilinx/sdk/2016.2/gnu/aarch32/nt/gcc-arm-none-eabi/bin/../lib/gcc/arm-none-eabi/4.9.2/v7-a/fpv3/hard\libgcc.a(_arm_addsubdf3.o)
 .data          0x00ff1cac        0x0 c:/xilinx/sdk/2016.2/gnu/aarch32/nt/gcc-arm-none-eabi/bin/../lib/gcc/arm-none-eabi/4.9.2/v7-a/fpv3/hard\libgcc.a(_fixunsdfdi.o)
 .data          0x00ff1cac        0x0 c:/xilinx/sdk/2016.2/gnu/aarch32/nt/gcc-arm-none-eabi/bin/../lib/gcc/arm-none-eabi/4.9.2/v7-a/fpv3/hard\libgcc.a(unwind-arm.o)
 .data          0x00ff1cac        0x0 c:/xilinx/sdk/2016.2/gnu/aarch32/nt/gcc-arm-none-eabi/bin/../lib/gcc/arm-none-eabi/4.9.2/v7-a/fpv3/hard\libgcc.a(libunwind.o)
 .data          0x00ff1cac        0x0 c:/xilinx/sdk/2016.2/gnu/aarch32/nt/gcc-arm-none-eabi/bin/../lib/gcc/arm-none-eabi/4.9.2/v7-a/fpv3/hard\libgcc.a(pr-support.o)
 .data          0x00ff1cac        0x0 c:/xilinx/sdk/2016.2/gnu/aarch32/nt/gcc-arm-none-eabi/bin/../lib/gcc/arm-none-eabi/4.9.2/../../../../arm-none-eabi/lib/v7-a/fpv3/hard\libc.a(lib_a-abort.o)
 .data          0x00ff1cac        0x0 c:/xilinx/sdk/2016.2/gnu/aarch32/nt/gcc-arm-none-eabi/bin/../lib/gcc/arm-none-eabi/4.9.2/../../../../arm-none-eabi/lib/v7-a/fpv3/hard\libc.a(lib_a-exit.o)
 .data          0x00ff1cac        0x0 c:/xilinx/sdk/2016.2/gnu/aarch32/nt/gcc-arm-none-eabi/bin/../lib/gcc/arm-none-eabi/4.9.2/../../../../arm-none-eabi/lib/v7-a/fpv3/hard\libc.a(lib_a-fini.o)
 *fill*         0x00ff1cac        0x4 
 .data          0x00ff1cb0      0x430 c:/xilinx/sdk/2016.2/gnu/aarch32/nt/gcc-arm-none-eabi/bin/../lib/gcc/arm-none-eabi/4.9.2/../../../../arm-none-eabi/lib/v7-a/fpv3/hard\libc.a(lib_a-impure.o)
                0x00ff1cb0                _impure_ptr
 .data          0x00ff20e0        0x0 c:/xilinx/sdk/2016.2/gnu/aarch32/nt/gcc-arm-none-eabi/bin/../lib/gcc/arm-none-eabi/4.9.2/../../../../arm-none-eabi/lib/v7-a/fpv3/hard\libc.a(lib_a-init.o)
 .data          0x00ff20e0        0x0 c:/xilinx/sdk/2016.2/gnu/aarch32/nt/gcc-arm-none-eabi/bin/../lib/gcc/arm-none-eabi/4.9.2/../../../../arm-none-eabi/lib/v7-a/fpv3/hard\libc.a(lib_a-memcpy.o)
 .data          0x00ff20e0        0x0 c:/xilinx/sdk/2016.2/gnu/aarch32/nt/gcc-arm-none-eabi/bin/../lib/gcc/arm-none-eabi/4.9.2/../../../../arm-none-eabi/lib/v7-a/fpv3/hard\libc.a(lib_a-printf.o)
 .data          0x00ff20e0        0x0 c:/xilinx/sdk/2016.2/gnu/aarch32/nt/gcc-arm-none-eabi/bin/../lib/gcc/arm-none-eabi/4.9.2/../../../../arm-none-eabi/lib/v7-a/fpv3/hard\libc.a(lib_a-signal.o)
 .data          0x00ff20e0        0x0 c:/xilinx/sdk/2016.2/gnu/aarch32/nt/gcc-arm-none-eabi/bin/../lib/gcc/arm-none-eabi/4.9.2/../../../../arm-none-eabi/lib/v7-a/fpv3/hard\libc.a(lib_a-signalr.o)
 .data          0x00ff20e0        0x0 c:/xilinx/sdk/2016.2/gnu/aarch32/nt/gcc-arm-none-eabi/bin/../lib/gcc/arm-none-eabi/4.9.2/../../../../arm-none-eabi/lib/v7-a/fpv3/hard\libc.a(lib_a-vfprintf.o)
 .data          0x00ff20e0        0x0 c:/xilinx/sdk/2016.2/gnu/aarch32/nt/gcc-arm-none-eabi/bin/../lib/gcc/arm-none-eabi/4.9.2/../../../../arm-none-eabi/lib/v7-a/fpv3/hard\libc.a(lib_a-wcrtomb.o)
 .data          0x00ff20e0        0x0 c:/xilinx/sdk/2016.2/gnu/aarch32/nt/gcc-arm-none-eabi/bin/../lib/gcc/arm-none-eabi/4.9.2/../../../../arm-none-eabi/lib/v7-a/fpv3/hard\libc.a(lib_a-wcsrtombs.o)
 .data          0x00ff20e0        0x4 c:/xilinx/sdk/2016.2/gnu/aarch32/nt/gcc-arm-none-eabi/bin/../lib/gcc/arm-none-eabi/4.9.2/../../../../arm-none-eabi/lib/v7-a/fpv3/hard\libc.a(lib_a-wctomb_r.o)
                0x00ff20e0                __wctomb
 .data          0x00ff20e4        0x0 c:/xilinx/sdk/2016.2/gnu/aarch32/nt/gcc-arm-none-eabi/bin/../lib/gcc/arm-none-eabi/4.9.2/../../../../arm-none-eabi/lib/v7-a/fpv3/hard\libc.a(lib_a-wsetup.o)
 .data          0x00ff20e4        0x0 c:/xilinx/sdk/2016.2/gnu/aarch32/nt/gcc-arm-none-eabi/bin/../lib/gcc/arm-none-eabi/4.9.2/../../../../arm-none-eabi/lib/v7-a/fpv3/hard\libc.a(lib_a-__call_atexit.o)
 .data          0x00ff20e4        0x0 c:/xilinx/sdk/2016.2/gnu/aarch32/nt/gcc-arm-none-eabi/bin/../lib/gcc/arm-none-eabi/4.9.2/../../../../arm-none-eabi/lib/v7-a/fpv3/hard\libc.a(lib_a-atexit.o)
 .data          0x00ff20e4        0x0 c:/xilinx/sdk/2016.2/gnu/aarch32/nt/gcc-arm-none-eabi/bin/../lib/gcc/arm-none-eabi/4.9.2/../../../../arm-none-eabi/lib/v7-a/fpv3/hard\libc.a(lib_a-dtoa.o)
 .data          0x00ff20e4        0x0 c:/xilinx/sdk/2016.2/gnu/aarch32/nt/gcc-arm-none-eabi/bin/../lib/gcc/arm-none-eabi/4.9.2/../../../../arm-none-eabi/lib/v7-a/fpv3/hard\libc.a(lib_a-fflush.o)
 .data          0x00ff20e4        0x0 c:/xilinx/sdk/2016.2/gnu/aarch32/nt/gcc-arm-none-eabi/bin/../lib/gcc/arm-none-eabi/4.9.2/../../../../arm-none-eabi/lib/v7-a/fpv3/hard\libc.a(lib_a-findfp.o)
 .data          0x00ff20e4        0x0 c:/xilinx/sdk/2016.2/gnu/aarch32/nt/gcc-arm-none-eabi/bin/../lib/gcc/arm-none-eabi/4.9.2/../../../../arm-none-eabi/lib/v7-a/fpv3/hard\libc.a(lib_a-freer.o)
 .data          0x00ff20e4        0x0 c:/xilinx/sdk/2016.2/gnu/aarch32/nt/gcc-arm-none-eabi/bin/../lib/gcc/arm-none-eabi/4.9.2/../../../../arm-none-eabi/lib/v7-a/fpv3/hard\libc.a(lib_a-fwalk.o)
 .data          0x00ff20e4      0x17c c:/xilinx/sdk/2016.2/gnu/aarch32/nt/gcc-arm-none-eabi/bin/../lib/gcc/arm-none-eabi/4.9.2/../../../../arm-none-eabi/lib/v7-a/fpv3/hard\libc.a(lib_a-locale.o)
                0x00ff20e4                __default_locale
                0x00ff2204                __mb_cur_max
 .data          0x00ff2260        0x0 c:/xilinx/sdk/2016.2/gnu/aarch32/nt/gcc-arm-none-eabi/bin/../lib/gcc/arm-none-eabi/4.9.2/../../../../arm-none-eabi/lib/v7-a/fpv3/hard\libc.a(lib_a-makebuf.o)
 .data          0x00ff2260      0x410 c:/xilinx/sdk/2016.2/gnu/aarch32/nt/gcc-arm-none-eabi/bin/../lib/gcc/arm-none-eabi/4.9.2/../../../../arm-none-eabi/lib/v7-a/fpv3/hard\libc.a(lib_a-mallocr.o)
                0x00ff2260                __malloc_av_
                0x00ff2668                __malloc_sbrk_base
                0x00ff266c                __malloc_trim_threshold
 .data          0x00ff2670        0x4 c:/xilinx/sdk/2016.2/gnu/aarch32/nt/gcc-arm-none-eabi/bin/../lib/gcc/arm-none-eabi/4.9.2/../../../../arm-none-eabi/lib/v7-a/fpv3/hard\libc.a(lib_a-mbtowc_r.o)
                0x00ff2670                __mbtowc
 .data          0x00ff2674        0x0 c:/xilinx/sdk/2016.2/gnu/aarch32/nt/gcc-arm-none-eabi/bin/../lib/gcc/arm-none-eabi/4.9.2/../../../../arm-none-eabi/lib/v7-a/fpv3/hard\libc.a(lib_a-memchr.o)
 .data          0x00ff2674        0x0 c:/xilinx/sdk/2016.2/gnu/aarch32/nt/gcc-arm-none-eabi/bin/../lib/gcc/arm-none-eabi/4.9.2/../../../../arm-none-eabi/lib/v7-a/fpv3/hard\libc.a(lib_a-memset.o)
 .data          0x00ff2674        0x0 c:/xilinx/sdk/2016.2/gnu/aarch32/nt/gcc-arm-none-eabi/bin/../lib/gcc/arm-none-eabi/4.9.2/../../../../arm-none-eabi/lib/v7-a/fpv3/hard\libc.a(lib_a-mlock.o)
 .data          0x00ff2674        0x0 c:/xilinx/sdk/2016.2/gnu/aarch32/nt/gcc-arm-none-eabi/bin/../lib/gcc/arm-none-eabi/4.9.2/../../../../arm-none-eabi/lib/v7-a/fpv3/hard\libc.a(lib_a-mprec.o)
 .data          0x00ff2674        0x0 c:/xilinx/sdk/2016.2/gnu/aarch32/nt/gcc-arm-none-eabi/bin/../lib/gcc/arm-none-eabi/4.9.2/../../../../arm-none-eabi/lib/v7-a/fpv3/hard\libc.a(lib_a-reent.o)
 .data          0x00ff2674        0x0 c:/xilinx/sdk/2016.2/gnu/aarch32/nt/gcc-arm-none-eabi/bin/../lib/gcc/arm-none-eabi/4.9.2/../../../../arm-none-eabi/lib/v7-a/fpv3/hard\libc.a(lib_a-s_fpclassify.o)
 .data          0x00ff2674        0x0 c:/xilinx/sdk/2016.2/gnu/aarch32/nt/gcc-arm-none-eabi/bin/../lib/gcc/arm-none-eabi/4.9.2/../../../../arm-none-eabi/lib/v7-a/fpv3/hard\libc.a(lib_a-s_frexp.o)
 .data          0x00ff2674        0x0 c:/xilinx/sdk/2016.2/gnu/aarch32/nt/gcc-arm-none-eabi/bin/../lib/gcc/arm-none-eabi/4.9.2/../../../../arm-none-eabi/lib/v7-a/fpv3/hard\libc.a(lib_a-sbrkr.o)
 .data          0x00ff2674        0x0 c:/xilinx/sdk/2016.2/gnu/aarch32/nt/gcc-arm-none-eabi/bin/../lib/gcc/arm-none-eabi/4.9.2/../../../../arm-none-eabi/lib/v7-a/fpv3/hard\libc.a(lib_a-stdio.o)
 .data          0x00ff2674        0x0 c:/xilinx/sdk/2016.2/gnu/aarch32/nt/gcc-arm-none-eabi/bin/../lib/gcc/arm-none-eabi/4.9.2/../../../../arm-none-eabi/lib/v7-a/fpv3/hard\libc.a(lib_a-strcasecmp.o)
 .data          0x00ff2674        0x0 c:/xilinx/sdk/2016.2/gnu/aarch32/nt/gcc-arm-none-eabi/bin/../lib/gcc/arm-none-eabi/4.9.2/../../../../arm-none-eabi/lib/v7-a/fpv3/hard\libc.a(lib_a-strcat.o)
 .data          0x00ff2674        0x0 c:/xilinx/sdk/2016.2/gnu/aarch32/nt/gcc-arm-none-eabi/bin/../lib/gcc/arm-none-eabi/4.9.2/../../../../arm-none-eabi/lib/v7-a/fpv3/hard\libc.a(lib_a-strchr.o)
 .data          0x00ff2674        0x0 c:/xilinx/sdk/2016.2/gnu/aarch32/nt/gcc-arm-none-eabi/bin/../lib/gcc/arm-none-eabi/4.9.2/../../../../arm-none-eabi/lib/v7-a/fpv3/hard\libc.a(lib_a-strcmp.o)
 .data          0x00ff2674        0x0 c:/xilinx/sdk/2016.2/gnu/aarch32/nt/gcc-arm-none-eabi/bin/../lib/gcc/arm-none-eabi/4.9.2/../../../../arm-none-eabi/lib/v7-a/fpv3/hard\libc.a(lib_a-strcpy.o)
 .data          0x00ff2674        0x0 c:/xilinx/sdk/2016.2/gnu/aarch32/nt/gcc-arm-none-eabi/bin/../lib/gcc/arm-none-eabi/4.9.2/../../../../arm-none-eabi/lib/v7-a/fpv3/hard\libc.a(lib_a-strlcpy.o)
 .data          0x00ff2674        0x0 c:/xilinx/sdk/2016.2/gnu/aarch32/nt/gcc-arm-none-eabi/bin/../lib/gcc/arm-none-eabi/4.9.2/../../../../arm-none-eabi/lib/v7-a/fpv3/hard\libc.a(lib_a-strlen-armv7.o)
 .data          0x00ff2674        0x0 c:/xilinx/sdk/2016.2/gnu/aarch32/nt/gcc-arm-none-eabi/bin/../lib/gcc/arm-none-eabi/4.9.2/../../../../arm-none-eabi/lib/v7-a/fpv3/hard\libc.a(lib_a-strncasecmp.o)
 .data          0x00ff2674        0x0 c:/xilinx/sdk/2016.2/gnu/aarch32/nt/gcc-arm-none-eabi/bin/../lib/gcc/arm-none-eabi/4.9.2/../../../../arm-none-eabi/lib/v7-a/fpv3/hard\libc.a(lib_a-strncmp.o)
 .data          0x00ff2674        0x0 c:/xilinx/sdk/2016.2/gnu/aarch32/nt/gcc-arm-none-eabi/bin/../lib/gcc/arm-none-eabi/4.9.2/../../../../arm-none-eabi/lib/v7-a/fpv3/hard\libc.a(lib_a-strncpy.o)
 .data          0x00ff2674        0x0 c:/xilinx/sdk/2016.2/gnu/aarch32/nt/gcc-arm-none-eabi/bin/../lib/gcc/arm-none-eabi/4.9.2/../../../../arm-none-eabi/lib/v7-a/fpv3/hard\libc.a(lib_a-strtol.o)
 .data          0x00ff2674        0x0 c:/xilinx/sdk/2016.2/gnu/aarch32/nt/gcc-arm-none-eabi/bin/../lib/gcc/arm-none-eabi/4.9.2/../../../../arm-none-eabi/lib/v7-a/fpv3/hard\libc.a(lib_a-vfiprintf.o)
 .data          0x00ff2674        0x0 c:/xilinx/sdk/2016.2/gnu/aarch32/nt/gcc-arm-none-eabi/bin/../lib/gcc/arm-none-eabi/4.9.2/../../../../arm-none-eabi/lib/v7-a/fpv3/hard\libc.a(lib_a-wcsnrtombs.o)
 .data          0x00ff2674        0x0 c:/xilinx/sdk/2016.2/gnu/aarch32/nt/gcc-arm-none-eabi/bin/../lib/gcc/arm-none-eabi/4.9.2/../../../../arm-none-eabi/lib/v7-a/fpv3/hard\libc.a(lib_a-writer.o)
 .data          0x00ff2674        0x0 c:/xilinx/sdk/2016.2/gnu/aarch32/nt/gcc-arm-none-eabi/bin/../lib/gcc/arm-none-eabi/4.9.2/../../../../arm-none-eabi/lib/v7-a/fpv3/hard\libc.a(lib_a-__atexit.o)
 .data          0x00ff2674        0x0 c:/xilinx/sdk/2016.2/gnu/aarch32/nt/gcc-arm-none-eabi/bin/../lib/gcc/arm-none-eabi/4.9.2/../../../../arm-none-eabi/lib/v7-a/fpv3/hard\libc.a(lib_a-callocr.o)
 .data          0x00ff2674        0x0 c:/xilinx/sdk/2016.2/gnu/aarch32/nt/gcc-arm-none-eabi/bin/../lib/gcc/arm-none-eabi/4.9.2/../../../../arm-none-eabi/lib/v7-a/fpv3/hard\libc.a(lib_a-closer.o)
 .data          0x00ff2674        0x4 c:/xilinx/sdk/2016.2/gnu/aarch32/nt/gcc-arm-none-eabi/bin/../lib/gcc/arm-none-eabi/4.9.2/../../../../arm-none-eabi/lib/v7-a/fpv3/hard\libc.a(lib_a-ctype_.o)
                0x00ff2674                __ctype_ptr__
 .data          0x00ff2678        0x0 c:/xilinx/sdk/2016.2/gnu/aarch32/nt/gcc-arm-none-eabi/bin/../lib/gcc/arm-none-eabi/4.9.2/../../../../arm-none-eabi/lib/v7-a/fpv3/hard\libc.a(lib_a-fclose.o)
 .data          0x00ff2678        0x0 c:/xilinx/sdk/2016.2/gnu/aarch32/nt/gcc-arm-none-eabi/bin/../lib/gcc/arm-none-eabi/4.9.2/../../../../arm-none-eabi/lib/v7-a/fpv3/hard\libc.a(lib_a-fputwc.o)
 .data          0x00ff2678        0x0 c:/xilinx/sdk/2016.2/gnu/aarch32/nt/gcc-arm-none-eabi/bin/../lib/gcc/arm-none-eabi/4.9.2/../../../../arm-none-eabi/lib/v7-a/fpv3/hard\libc.a(lib_a-fstatr.o)
 .data          0x00ff2678        0x0 c:/xilinx/sdk/2016.2/gnu/aarch32/nt/gcc-arm-none-eabi/bin/../lib/gcc/arm-none-eabi/4.9.2/../../../../arm-none-eabi/lib/v7-a/fpv3/hard\libc.a(lib_a-fvwrite.o)
 .data          0x00ff2678        0x0 c:/xilinx/sdk/2016.2/gnu/aarch32/nt/gcc-arm-none-eabi/bin/../lib/gcc/arm-none-eabi/4.9.2/../../../../arm-none-eabi/lib/v7-a/fpv3/hard\libc.a(lib_a-getenv_r.o)
 .data          0x00ff2678        0x0 c:/xilinx/sdk/2016.2/gnu/aarch32/nt/gcc-arm-none-eabi/bin/../lib/gcc/arm-none-eabi/4.9.2/../../../../arm-none-eabi/lib/v7-a/fpv3/hard\libc.a(lib_a-isattyr.o)
 .data          0x00ff2678        0x0 c:/xilinx/sdk/2016.2/gnu/aarch32/nt/gcc-arm-none-eabi/bin/../lib/gcc/arm-none-eabi/4.9.2/../../../../arm-none-eabi/lib/v7-a/fpv3/hard\libc.a(lib_a-lseekr.o)
 .data          0x00ff2678        0x0 c:/xilinx/sdk/2016.2/gnu/aarch32/nt/gcc-arm-none-eabi/bin/../lib/gcc/arm-none-eabi/4.9.2/../../../../arm-none-eabi/lib/v7-a/fpv3/hard\libc.a(lib_a-memmove.o)
 .data          0x00ff2678        0x0 c:/xilinx/sdk/2016.2/gnu/aarch32/nt/gcc-arm-none-eabi/bin/../lib/gcc/arm-none-eabi/4.9.2/../../../../arm-none-eabi/lib/v7-a/fpv3/hard\libc.a(lib_a-readr.o)
 .data          0x00ff2678        0x0 c:/xilinx/sdk/2016.2/gnu/aarch32/nt/gcc-arm-none-eabi/bin/../lib/gcc/arm-none-eabi/4.9.2/../../../../arm-none-eabi/lib/v7-a/fpv3/hard\libc.a(lib_a-reallocr.o)
 .data          0x00ff2678        0x0 c:/xilinx/sdk/2016.2/gnu/aarch32/nt/gcc-arm-none-eabi/bin/../lib/gcc/arm-none-eabi/4.9.2/../../../../arm-none-eabi/lib/v7-a/fpv3/hard\libc.a(lib_a-wbuf.o)
 .data          0x00ff2678        0x4 c:/xilinx/sdk/2016.2/gnu/aarch32/nt/gcc-arm-none-eabi/bin/../lib/gcc/arm-none-eabi/4.9.2/../../../../arm-none-eabi/lib/v7-a/fpv3/hard\libc.a(lib_a-environ.o)
                0x00ff2678                environ
 .data          0x00ff267c        0x0 c:/xilinx/sdk/2016.2/gnu/aarch32/nt/gcc-arm-none-eabi/bin/../lib/gcc/arm-none-eabi/4.9.2/../../../../arm-none-eabi/lib/v7-a/fpv3/hard\libc.a(lib_a-envlock.o)
 .data          0x00ff267c        0x0 ../../KNN_AXI_Test_bsp/ps7_cortexa9_0/lib\libxil.a(_exit.o)
 .data          0x00ff267c        0x0 ../../KNN_AXI_Test_bsp/ps7_cortexa9_0/lib\libxil.a(_sbrk.o)
 .data          0x00ff267c        0x0 ../../KNN_AXI_Test_bsp/ps7_cortexa9_0/lib\libxil.a(close.o)
 .data          0x00ff267c        0x0 ../../KNN_AXI_Test_bsp/ps7_cortexa9_0/lib\libxil.a(fstat.o)
 .data          0x00ff267c        0x0 ../../KNN_AXI_Test_bsp/ps7_cortexa9_0/lib\libxil.a(getpid.o)
 .data          0x00ff267c        0x0 ../../KNN_AXI_Test_bsp/ps7_cortexa9_0/lib\libxil.a(isatty.o)
 .data          0x00ff267c        0x0 ../../KNN_AXI_Test_bsp/ps7_cortexa9_0/lib\libxil.a(kill.o)
 .data          0x00ff267c        0x0 ../../KNN_AXI_Test_bsp/ps7_cortexa9_0/lib\libxil.a(lseek.o)
 .data          0x00ff267c        0x0 ../../KNN_AXI_Test_bsp/ps7_cortexa9_0/lib\libxil.a(read.o)
 .data          0x00ff267c        0x0 ../../KNN_AXI_Test_bsp/ps7_cortexa9_0/lib\libxil.a(write.o)
 .data          0x00ff267c        0x0 ../../KNN_AXI_Test_bsp/ps7_cortexa9_0/lib\libxil.a(errno.o)
 .data          0x00ff267c        0x0 ../../KNN_AXI_Test_bsp/ps7_cortexa9_0/lib\libxil.a(inbyte.o)
 .data          0x00ff267c        0x0 c:/xilinx/sdk/2016.2/gnu/aarch32/nt/gcc-arm-none-eabi/bin/../lib/gcc/arm-none-eabi/4.9.2/v7-a/fpv3/hard\libgcc.a(_divsi3.o)
 .data          0x00ff267c        0x0 c:/xilinx/sdk/2016.2/gnu/aarch32/nt/gcc-arm-none-eabi/bin/../lib/gcc/arm-none-eabi/4.9.2/v7-a/fpv3/hard\libgcc.a(_aeabi_uldivmod.o)
 .data          0x00ff267c        0x0 c:/xilinx/sdk/2016.2/gnu/aarch32/nt/gcc-arm-none-eabi/bin/../lib/gcc/arm-none-eabi/4.9.2/v7-a/fpv3/hard\libgcc.a(bpabi.o)
 .data          0x00ff267c        0x0 c:/xilinx/sdk/2016.2/gnu/aarch32/nt/gcc-arm-none-eabi/bin/../lib/gcc/arm-none-eabi/4.9.2/v7-a/fpv3/hard\libgcc.a(_divdi3.o)
 .data          0x00ff267c        0x0 c:/xilinx/sdk/2016.2/gnu/aarch32/nt/gcc-arm-none-eabi/bin/../lib/gcc/arm-none-eabi/4.9.2/v7-a/fpv3/hard\libgcc.a(_udivdi3.o)
 .data          0x00ff267c        0x0 c:/xilinx/sdk/2016.2/gnu/aarch32/nt/gcc-arm-none-eabi/bin/../lib/gcc/arm-none-eabi/4.9.2/v7-a/fpv3/hard/crtend.o
 .data          0x00ff267c        0x0 c:/xilinx/sdk/2016.2/gnu/aarch32/nt/gcc-arm-none-eabi/bin/../lib/gcc/arm-none-eabi/4.9.2/v7-a/fpv3/hard/crtn.o
 *(.data.*)
 *(.gnu.linkonce.d.*)
 *(.jcr)
 .jcr           0x00ff267c        0x0 c:/xilinx/sdk/2016.2/gnu/aarch32/nt/gcc-arm-none-eabi/bin/../lib/gcc/arm-none-eabi/4.9.2/v7-a/fpv3/hard/crtbegin.o
 .jcr           0x00ff267c        0x4 c:/xilinx/sdk/2016.2/gnu/aarch32/nt/gcc-arm-none-eabi/bin/../lib/gcc/arm-none-eabi/4.9.2/v7-a/fpv3/hard/crtend.o
 *(.got)
 *(.got.plt)
                0x00ff2680                __data_end = .

.tm_clone_table
                0x00ff2680        0x0
 .tm_clone_table
                0x00ff2680        0x0 c:/xilinx/sdk/2016.2/gnu/aarch32/nt/gcc-arm-none-eabi/bin/../lib/gcc/arm-none-eabi/4.9.2/v7-a/fpv3/hard/crtbegin.o
 .tm_clone_table
                0x00ff2680        0x0 c:/xilinx/sdk/2016.2/gnu/aarch32/nt/gcc-arm-none-eabi/bin/../lib/gcc/arm-none-eabi/4.9.2/v7-a/fpv3/hard/crtend.o

.igot.plt       0x00ff2680        0x0
 .igot.plt      0x00000000        0x0 c:/xilinx/sdk/2016.2/gnu/aarch32/nt/gcc-arm-none-eabi/bin/../lib/gcc/arm-none-eabi/4.9.2/v7-a/fpv3/hard/crtbegin.o

.got2           0x00ff2680        0x0
 .got2          0x00ff2680        0x0 ../../KNN_AXI_Test_bsp/ps7_cortexa9_0/lib\libxil.a(xil-crt0.o)

.data1          0x00ff2680        0x0
                0x00ff2680                __data1_start = .
 *(.data1)
 *(.data1.*)
                0x00ff2680                __data1_end = .

.got
 *(.got)

.ctors          0x00ff2680        0x0
                0x00ff2680                __CTOR_LIST__ = .
                0x00ff2680                ___CTORS_LIST___ = .
 *crtbegin.o(.ctors)
 *(EXCLUDE_FILE(*crtend.o) .ctors)
 *(SORT(.ctors.*))
 *(.ctors)
                0x00ff2680                __CTOR_END__ = .
                0x00ff2680                ___CTORS_END___ = .

.dtors          0x00ff2680        0x0
                0x00ff2680                __DTOR_LIST__ = .
                0x00ff2680                ___DTORS_LIST___ = .
 *crtbegin.o(.dtors)
 *(EXCLUDE_FILE(*crtend.o) .dtors)
 *(SORT(.dtors.*))
 *(.dtors)
                0x00ff2680                __DTOR_END__ = .
                0x00ff2680                ___DTORS_END___ = .

.fixup          0x00ff2680        0x0
                0x00ff2680                __fixup_start = .
 *(.fixup)
                0x00ff2680                __fixup_end = .

.eh_frame       0x00ff2680       0x74
 *(.eh_frame)
 .eh_frame      0x00ff2680        0x0 c:/xilinx/sdk/2016.2/gnu/aarch32/nt/gcc-arm-none-eabi/bin/../lib/gcc/arm-none-eabi/4.9.2/v7-a/fpv3/hard/crtbegin.o
 .eh_frame      0x00ff2680       0x70 c:/xilinx/sdk/2016.2/gnu/aarch32/nt/gcc-arm-none-eabi/bin/../lib/gcc/arm-none-eabi/4.9.2/../../../../arm-none-eabi/lib/v7-a/fpv3/hard\libc.a(lib_a-strcmp.o)
 .eh_frame      0x00ff26f0        0x4 c:/xilinx/sdk/2016.2/gnu/aarch32/nt/gcc-arm-none-eabi/bin/../lib/gcc/arm-none-eabi/4.9.2/v7-a/fpv3/hard/crtend.o

.eh_framehdr    0x00ff26f4        0x0
                0x00ff26f4                __eh_framehdr_start = .
 *(.eh_framehdr)
                0x00ff26f4                __eh_framehdr_end = .

.gcc_except_table
 *(.gcc_except_table)

.mmu_tbl        0x00ff4000     0x4000
                0x00ff4000                __mmu_tbl_start = .
 *(.mmu_tbl)
 .mmu_tbl       0x00ff4000     0x4000 ../../KNN_AXI_Test_bsp/ps7_cortexa9_0/lib\libxil.a(translation_table.o)
                0x00ff4000                MMUTable
                0x00ff8000                __mmu_tbl_end = .

.ARM.exidx      0x00ff8000       0xd8
                0x00ff8000                __exidx_start = .
 *(.ARM.exidx*)
 .ARM.exidx     0x00ff8000        0x8 ./src/main.o
 .ARM.exidx     0x00ff8008       0x28 ./src/platform.o
 .ARM.exidx     0x00ff8030       0x78 c:/xilinx/sdk/2016.2/gnu/aarch32/nt/gcc-arm-none-eabi/bin/../lib/gcc/arm-none-eabi/4.9.2/v7-a/fpv3/hard\libgcc.a(unwind-arm.o)
                                 0xd8 (size before relaxing)
 .ARM.exidx     0x00ff80a8       0x30 c:/xilinx/sdk/2016.2/gnu/aarch32/nt/gcc-arm-none-eabi/bin/../lib/gcc/arm-none-eabi/4.9.2/v7-a/fpv3/hard\libgcc.a(pr-support.o)
                                 0x48 (size before relaxing)
 .ARM.exidx     0x00ff80d8        0x0 c:/xilinx/sdk/2016.2/gnu/aarch32/nt/gcc-arm-none-eabi/bin/../lib/gcc/arm-none-eabi/4.9.2/v7-a/fpv3/hard\libgcc.a(_divdi3.o)
                                  0x8 (size before relaxing)
 .ARM.exidx     0x00ff80d8        0x0 c:/xilinx/sdk/2016.2/gnu/aarch32/nt/gcc-arm-none-eabi/bin/../lib/gcc/arm-none-eabi/4.9.2/v7-a/fpv3/hard\libgcc.a(_udivdi3.o)
                                  0x8 (size before relaxing)
 *(.gnu.linkonce.armexidix.*.*)
                0x00ff80d8                __exidx_end = .

.rel.dyn        0x00ff80d8        0x0
 .rel.iplt      0x00000000        0x0 c:/xilinx/sdk/2016.2/gnu/aarch32/nt/gcc-arm-none-eabi/bin/../lib/gcc/arm-none-eabi/4.9.2/v7-a/fpv3/hard/crtbegin.o

.preinit_array  0x00ff80d8        0x0
                0x00ff80d8                __preinit_array_start = .
 *(SORT(.preinit_array.*))
 *(.preinit_array)
                0x00ff80d8                __preinit_array_end = .

.init_array     0x00ff80d8        0x8
                0x00ff80d8                __init_array_start = .
 *(SORT(.init_array.*))
 .init_array.00000
                0x00ff80d8        0x4 c:/xilinx/sdk/2016.2/gnu/aarch32/nt/gcc-arm-none-eabi/bin/../lib/gcc/arm-none-eabi/4.9.2/../../../../arm-none-eabi/lib/v7-a/fpv3/hard\libc.a(lib_a-__call_atexit.o)
 *(.init_array)
 .init_array    0x00ff80dc        0x4 c:/xilinx/sdk/2016.2/gnu/aarch32/nt/gcc-arm-none-eabi/bin/../lib/gcc/arm-none-eabi/4.9.2/v7-a/fpv3/hard/crtbegin.o
                0x00ff80e0                __init_array_end = .

.fini_array     0x00ff80e0        0x4
                0x00ff80e0                __fini_array_start = .
 *(SORT(.fini_array.*))
 *(.fini_array)
 .fini_array    0x00ff80e0        0x4 c:/xilinx/sdk/2016.2/gnu/aarch32/nt/gcc-arm-none-eabi/bin/../lib/gcc/arm-none-eabi/4.9.2/v7-a/fpv3/hard/crtbegin.o
                0x00ff80e4                __fini_array_end = .

.ARM.attributes
                0x00ff80e4       0x35
                0x00ff80e4                __ARM.attributes_start = .
 *(.ARM.attributes)
 .ARM.attributes
                0x00ff80e4       0x21 c:/xilinx/sdk/2016.2/gnu/aarch32/nt/gcc-arm-none-eabi/bin/../lib/gcc/arm-none-eabi/4.9.2/v7-a/fpv3/hard/crti.o
 .ARM.attributes
                0x00ff8105       0x35 c:/xilinx/sdk/2016.2/gnu/aarch32/nt/gcc-arm-none-eabi/bin/../lib/gcc/arm-none-eabi/4.9.2/v7-a/fpv3/hard/crtbegin.o
 .ARM.attributes
                0x00ff813a       0x3f ./src/DataSet.o
 .ARM.attributes
                0x00ff8179       0x3f ./src/main.o
 .ARM.attributes
                0x00ff81b8       0x3f ./src/platform.o
 .ARM.attributes
                0x00ff81f7       0x29 ../../KNN_AXI_Test_bsp/ps7_cortexa9_0/lib\libxil.a(asm_vectors.o)
 .ARM.attributes
                0x00ff8220       0x29 ../../KNN_AXI_Test_bsp/ps7_cortexa9_0/lib\libxil.a(boot.o)
 .ARM.attributes
                0x00ff8249       0x3f ../../KNN_AXI_Test_bsp/ps7_cortexa9_0/lib\libxil.a(print.o)
 .ARM.attributes
                0x00ff8288       0x29 ../../KNN_AXI_Test_bsp/ps7_cortexa9_0/lib\libxil.a(translation_table.o)
 .ARM.attributes
                0x00ff82b1       0x3f ../../KNN_AXI_Test_bsp/ps7_cortexa9_0/lib\libxil.a(vectors.o)
 .ARM.attributes
                0x00ff82f0       0x29 ../../KNN_AXI_Test_bsp/ps7_cortexa9_0/lib\libxil.a(xil-crt0.o)
 .ARM.attributes
                0x00ff8319       0x3f ../../KNN_AXI_Test_bsp/ps7_cortexa9_0/lib\libxil.a(xil_cache.o)
 .ARM.attributes
                0x00ff8358       0x3f ../../KNN_AXI_Test_bsp/ps7_cortexa9_0/lib\libxil.a(xil_exception.o)
 .ARM.attributes
                0x00ff8397       0x3f ../../KNN_AXI_Test_bsp/ps7_cortexa9_0/lib\libxil.a(xil_io.o)
 .ARM.attributes
                0x00ff83d6       0x3f ../../KNN_AXI_Test_bsp/ps7_cortexa9_0/lib\libxil.a(xtime_l.o)
 .ARM.attributes
                0x00ff8415       0x29 ../../KNN_AXI_Test_bsp/ps7_cortexa9_0/lib\libxil.a(cpu_init.o)
 .ARM.attributes
                0x00ff843e       0x3f ../../KNN_AXI_Test_bsp/ps7_cortexa9_0/lib\libxil.a(outbyte.o)
 .ARM.attributes
                0x00ff847d       0x3f ../../KNN_AXI_Test_bsp/ps7_cortexa9_0/lib\libxil.a(xuartps_hw.o)
 .ARM.attributes
                0x00ff84bc       0x21 c:/xilinx/sdk/2016.2/gnu/aarch32/nt/gcc-arm-none-eabi/bin/../lib/gcc/arm-none-eabi/4.9.2/v7-a/fpv3/hard\libgcc.a(_udivsi3.o)
 .ARM.attributes
                0x00ff84dd       0x21 c:/xilinx/sdk/2016.2/gnu/aarch32/nt/gcc-arm-none-eabi/bin/../lib/gcc/arm-none-eabi/4.9.2/v7-a/fpv3/hard\libgcc.a(_dvmd_tls.o)
 .ARM.attributes
                0x00ff84fe       0x21 c:/xilinx/sdk/2016.2/gnu/aarch32/nt/gcc-arm-none-eabi/bin/../lib/gcc/arm-none-eabi/4.9.2/v7-a/fpv3/hard\libgcc.a(_arm_addsubdf3.o)
 .ARM.attributes
                0x00ff851f       0x35 c:/xilinx/sdk/2016.2/gnu/aarch32/nt/gcc-arm-none-eabi/bin/../lib/gcc/arm-none-eabi/4.9.2/v7-a/fpv3/hard\libgcc.a(_fixunsdfdi.o)
 .ARM.attributes
                0x00ff8554       0x35 c:/xilinx/sdk/2016.2/gnu/aarch32/nt/gcc-arm-none-eabi/bin/../lib/gcc/arm-none-eabi/4.9.2/v7-a/fpv3/hard\libgcc.a(unwind-arm.o)
 .ARM.attributes
                0x00ff8589       0x21 c:/xilinx/sdk/2016.2/gnu/aarch32/nt/gcc-arm-none-eabi/bin/../lib/gcc/arm-none-eabi/4.9.2/v7-a/fpv3/hard\libgcc.a(libunwind.o)
 .ARM.attributes
                0x00ff85aa       0x35 c:/xilinx/sdk/2016.2/gnu/aarch32/nt/gcc-arm-none-eabi/bin/../lib/gcc/arm-none-eabi/4.9.2/v7-a/fpv3/hard\libgcc.a(pr-support.o)
 .ARM.attributes
                0x00ff85df       0x35 c:/xilinx/sdk/2016.2/gnu/aarch32/nt/gcc-arm-none-eabi/bin/../lib/gcc/arm-none-eabi/4.9.2/../../../../arm-none-eabi/lib/v7-a/fpv3/hard\libc.a(lib_a-abort.o)
 .ARM.attributes
                0x00ff8614       0x35 c:/xilinx/sdk/2016.2/gnu/aarch32/nt/gcc-arm-none-eabi/bin/../lib/gcc/arm-none-eabi/4.9.2/../../../../arm-none-eabi/lib/v7-a/fpv3/hard\libc.a(lib_a-exit.o)
 .ARM.attributes
                0x00ff8649       0x35 c:/xilinx/sdk/2016.2/gnu/aarch32/nt/gcc-arm-none-eabi/bin/../lib/gcc/arm-none-eabi/4.9.2/../../../../arm-none-eabi/lib/v7-a/fpv3/hard\libc.a(lib_a-fini.o)
 .ARM.attributes
                0x00ff867e       0x35 c:/xilinx/sdk/2016.2/gnu/aarch32/nt/gcc-arm-none-eabi/bin/../lib/gcc/arm-none-eabi/4.9.2/../../../../arm-none-eabi/lib/v7-a/fpv3/hard\libc.a(lib_a-impure.o)
 .ARM.attributes
                0x00ff86b3       0x35 c:/xilinx/sdk/2016.2/gnu/aarch32/nt/gcc-arm-none-eabi/bin/../lib/gcc/arm-none-eabi/4.9.2/../../../../arm-none-eabi/lib/v7-a/fpv3/hard\libc.a(lib_a-init.o)
 .ARM.attributes
                0x00ff86e8       0x1b c:/xilinx/sdk/2016.2/gnu/aarch32/nt/gcc-arm-none-eabi/bin/../lib/gcc/arm-none-eabi/4.9.2/../../../../arm-none-eabi/lib/v7-a/fpv3/hard\libc.a(lib_a-memcpy.o)
 .ARM.attributes
                0x00ff8703       0x35 c:/xilinx/sdk/2016.2/gnu/aarch32/nt/gcc-arm-none-eabi/bin/../lib/gcc/arm-none-eabi/4.9.2/../../../../arm-none-eabi/lib/v7-a/fpv3/hard\libc.a(lib_a-printf.o)
 .ARM.attributes
                0x00ff8738       0x35 c:/xilinx/sdk/2016.2/gnu/aarch32/nt/gcc-arm-none-eabi/bin/../lib/gcc/arm-none-eabi/4.9.2/../../../../arm-none-eabi/lib/v7-a/fpv3/hard\libc.a(lib_a-signal.o)
 .ARM.attributes
                0x00ff876d       0x35 c:/xilinx/sdk/2016.2/gnu/aarch32/nt/gcc-arm-none-eabi/bin/../lib/gcc/arm-none-eabi/4.9.2/../../../../arm-none-eabi/lib/v7-a/fpv3/hard\libc.a(lib_a-signalr.o)
 .ARM.attributes
                0x00ff87a2       0x35 c:/xilinx/sdk/2016.2/gnu/aarch32/nt/gcc-arm-none-eabi/bin/../lib/gcc/arm-none-eabi/4.9.2/../../../../arm-none-eabi/lib/v7-a/fpv3/hard\libc.a(lib_a-vfprintf.o)
 .ARM.attributes
                0x00ff87d7       0x35 c:/xilinx/sdk/2016.2/gnu/aarch32/nt/gcc-arm-none-eabi/bin/../lib/gcc/arm-none-eabi/4.9.2/../../../../arm-none-eabi/lib/v7-a/fpv3/hard\libc.a(lib_a-wcrtomb.o)
 .ARM.attributes
                0x00ff880c       0x35 c:/xilinx/sdk/2016.2/gnu/aarch32/nt/gcc-arm-none-eabi/bin/../lib/gcc/arm-none-eabi/4.9.2/../../../../arm-none-eabi/lib/v7-a/fpv3/hard\libc.a(lib_a-wcsrtombs.o)
 .ARM.attributes
                0x00ff8841       0x35 c:/xilinx/sdk/2016.2/gnu/aarch32/nt/gcc-arm-none-eabi/bin/../lib/gcc/arm-none-eabi/4.9.2/../../../../arm-none-eabi/lib/v7-a/fpv3/hard\libc.a(lib_a-wctomb_r.o)
 .ARM.attributes
                0x00ff8876       0x35 c:/xilinx/sdk/2016.2/gnu/aarch32/nt/gcc-arm-none-eabi/bin/../lib/gcc/arm-none-eabi/4.9.2/../../../../arm-none-eabi/lib/v7-a/fpv3/hard\libc.a(lib_a-wsetup.o)
 .ARM.attributes
                0x00ff88ab       0x35 c:/xilinx/sdk/2016.2/gnu/aarch32/nt/gcc-arm-none-eabi/bin/../lib/gcc/arm-none-eabi/4.9.2/../../../../arm-none-eabi/lib/v7-a/fpv3/hard\libc.a(lib_a-__call_atexit.o)
 .ARM.attributes
                0x00ff88e0       0x35 c:/xilinx/sdk/2016.2/gnu/aarch32/nt/gcc-arm-none-eabi/bin/../lib/gcc/arm-none-eabi/4.9.2/../../../../arm-none-eabi/lib/v7-a/fpv3/hard\libc.a(lib_a-atexit.o)
 .ARM.attributes
                0x00ff8915       0x35 c:/xilinx/sdk/2016.2/gnu/aarch32/nt/gcc-arm-none-eabi/bin/../lib/gcc/arm-none-eabi/4.9.2/../../../../arm-none-eabi/lib/v7-a/fpv3/hard\libc.a(lib_a-dtoa.o)
 .ARM.attributes
                0x00ff894a       0x35 c:/xilinx/sdk/2016.2/gnu/aarch32/nt/gcc-arm-none-eabi/bin/../lib/gcc/arm-none-eabi/4.9.2/../../../../arm-none-eabi/lib/v7-a/fpv3/hard\libc.a(lib_a-fflush.o)
 .ARM.attributes
                0x00ff897f       0x35 c:/xilinx/sdk/2016.2/gnu/aarch32/nt/gcc-arm-none-eabi/bin/../lib/gcc/arm-none-eabi/4.9.2/../../../../arm-none-eabi/lib/v7-a/fpv3/hard\libc.a(lib_a-findfp.o)
 .ARM.attributes
                0x00ff89b4       0x35 c:/xilinx/sdk/2016.2/gnu/aarch32/nt/gcc-arm-none-eabi/bin/../lib/gcc/arm-none-eabi/4.9.2/../../../../arm-none-eabi/lib/v7-a/fpv3/hard\libc.a(lib_a-freer.o)
 .ARM.attributes
                0x00ff89e9       0x35 c:/xilinx/sdk/2016.2/gnu/aarch32/nt/gcc-arm-none-eabi/bin/../lib/gcc/arm-none-eabi/4.9.2/../../../../arm-none-eabi/lib/v7-a/fpv3/hard\libc.a(lib_a-fwalk.o)
 .ARM.attributes
                0x00ff8a1e       0x35 c:/xilinx/sdk/2016.2/gnu/aarch32/nt/gcc-arm-none-eabi/bin/../lib/gcc/arm-none-eabi/4.9.2/../../../../arm-none-eabi/lib/v7-a/fpv3/hard\libc.a(lib_a-locale.o)
 .ARM.attributes
                0x00ff8a53       0x35 c:/xilinx/sdk/2016.2/gnu/aarch32/nt/gcc-arm-none-eabi/bin/../lib/gcc/arm-none-eabi/4.9.2/../../../../arm-none-eabi/lib/v7-a/fpv3/hard\libc.a(lib_a-makebuf.o)
 .ARM.attributes
                0x00ff8a88       0x35 c:/xilinx/sdk/2016.2/gnu/aarch32/nt/gcc-arm-none-eabi/bin/../lib/gcc/arm-none-eabi/4.9.2/../../../../arm-none-eabi/lib/v7-a/fpv3/hard\libc.a(lib_a-mallocr.o)
 .ARM.attributes
                0x00ff8abd       0x35 c:/xilinx/sdk/2016.2/gnu/aarch32/nt/gcc-arm-none-eabi/bin/../lib/gcc/arm-none-eabi/4.9.2/../../../../arm-none-eabi/lib/v7-a/fpv3/hard\libc.a(lib_a-mbtowc_r.o)
 .ARM.attributes
                0x00ff8af2       0x1d c:/xilinx/sdk/2016.2/gnu/aarch32/nt/gcc-arm-none-eabi/bin/../lib/gcc/arm-none-eabi/4.9.2/../../../../arm-none-eabi/lib/v7-a/fpv3/hard\libc.a(lib_a-memchr.o)
 .ARM.attributes
                0x00ff8b0f       0x35 c:/xilinx/sdk/2016.2/gnu/aarch32/nt/gcc-arm-none-eabi/bin/../lib/gcc/arm-none-eabi/4.9.2/../../../../arm-none-eabi/lib/v7-a/fpv3/hard\libc.a(lib_a-memset.o)
 .ARM.attributes
                0x00ff8b44       0x35 c:/xilinx/sdk/2016.2/gnu/aarch32/nt/gcc-arm-none-eabi/bin/../lib/gcc/arm-none-eabi/4.9.2/../../../../arm-none-eabi/lib/v7-a/fpv3/hard\libc.a(lib_a-mlock.o)
 .ARM.attributes
                0x00ff8b79       0x35 c:/xilinx/sdk/2016.2/gnu/aarch32/nt/gcc-arm-none-eabi/bin/../lib/gcc/arm-none-eabi/4.9.2/../../../../arm-none-eabi/lib/v7-a/fpv3/hard\libc.a(lib_a-mprec.o)
 .ARM.attributes
                0x00ff8bae       0x35 c:/xilinx/sdk/2016.2/gnu/aarch32/nt/gcc-arm-none-eabi/bin/../lib/gcc/arm-none-eabi/4.9.2/../../../../arm-none-eabi/lib/v7-a/fpv3/hard\libc.a(lib_a-reent.o)
 .ARM.attributes
                0x00ff8be3       0x35 c:/xilinx/sdk/2016.2/gnu/aarch32/nt/gcc-arm-none-eabi/bin/../lib/gcc/arm-none-eabi/4.9.2/../../../../arm-none-eabi/lib/v7-a/fpv3/hard\libc.a(lib_a-s_fpclassify.o)
 .ARM.attributes
                0x00ff8c18       0x35 c:/xilinx/sdk/2016.2/gnu/aarch32/nt/gcc-arm-none-eabi/bin/../lib/gcc/arm-none-eabi/4.9.2/../../../../arm-none-eabi/lib/v7-a/fpv3/hard\libc.a(lib_a-s_frexp.o)
 .ARM.attributes
                0x00ff8c4d       0x35 c:/xilinx/sdk/2016.2/gnu/aarch32/nt/gcc-arm-none-eabi/bin/../lib/gcc/arm-none-eabi/4.9.2/../../../../arm-none-eabi/lib/v7-a/fpv3/hard\libc.a(lib_a-sbrkr.o)
 .ARM.attributes
                0x00ff8c82       0x35 c:/xilinx/sdk/2016.2/gnu/aarch32/nt/gcc-arm-none-eabi/bin/../lib/gcc/arm-none-eabi/4.9.2/../../../../arm-none-eabi/lib/v7-a/fpv3/hard\libc.a(lib_a-stdio.o)
 .ARM.attributes
                0x00ff8cb7       0x35 c:/xilinx/sdk/2016.2/gnu/aarch32/nt/gcc-arm-none-eabi/bin/../lib/gcc/arm-none-eabi/4.9.2/../../../../arm-none-eabi/lib/v7-a/fpv3/hard\libc.a(lib_a-strcasecmp.o)
 .ARM.attributes
                0x00ff8cec       0x35 c:/xilinx/sdk/2016.2/gnu/aarch32/nt/gcc-arm-none-eabi/bin/../lib/gcc/arm-none-eabi/4.9.2/../../../../arm-none-eabi/lib/v7-a/fpv3/hard\libc.a(lib_a-strcat.o)
 .ARM.attributes
                0x00ff8d21       0x35 c:/xilinx/sdk/2016.2/gnu/aarch32/nt/gcc-arm-none-eabi/bin/../lib/gcc/arm-none-eabi/4.9.2/../../../../arm-none-eabi/lib/v7-a/fpv3/hard\libc.a(lib_a-strchr.o)
 .ARM.attributes
                0x00ff8d56       0x1f c:/xilinx/sdk/2016.2/gnu/aarch32/nt/gcc-arm-none-eabi/bin/../lib/gcc/arm-none-eabi/4.9.2/../../../../arm-none-eabi/lib/v7-a/fpv3/hard\libc.a(lib_a-strcmp.o)
 .ARM.attributes
                0x00ff8d75       0x35 c:/xilinx/sdk/2016.2/gnu/aarch32/nt/gcc-arm-none-eabi/bin/../lib/gcc/arm-none-eabi/4.9.2/../../../../arm-none-eabi/lib/v7-a/fpv3/hard\libc.a(lib_a-strcpy.o)
 .ARM.attributes
                0x00ff8daa       0x35 c:/xilinx/sdk/2016.2/gnu/aarch32/nt/gcc-arm-none-eabi/bin/../lib/gcc/arm-none-eabi/4.9.2/../../../../arm-none-eabi/lib/v7-a/fpv3/hard\libc.a(lib_a-strlcpy.o)
 .ARM.attributes
                0x00ff8ddf       0x1f c:/xilinx/sdk/2016.2/gnu/aarch32/nt/gcc-arm-none-eabi/bin/../lib/gcc/arm-none-eabi/4.9.2/../../../../arm-none-eabi/lib/v7-a/fpv3/hard\libc.a(lib_a-strlen-armv7.o)
 .ARM.attributes
                0x00ff8dfe       0x35 c:/xilinx/sdk/2016.2/gnu/aarch32/nt/gcc-arm-none-eabi/bin/../lib/gcc/arm-none-eabi/4.9.2/../../../../arm-none-eabi/lib/v7-a/fpv3/hard\libc.a(lib_a-strncasecmp.o)
 .ARM.attributes
                0x00ff8e33       0x35 c:/xilinx/sdk/2016.2/gnu/aarch32/nt/gcc-arm-none-eabi/bin/../lib/gcc/arm-none-eabi/4.9.2/../../../../arm-none-eabi/lib/v7-a/fpv3/hard\libc.a(lib_a-strncmp.o)
 .ARM.attributes
                0x00ff8e68       0x35 c:/xilinx/sdk/2016.2/gnu/aarch32/nt/gcc-arm-none-eabi/bin/../lib/gcc/arm-none-eabi/4.9.2/../../../../arm-none-eabi/lib/v7-a/fpv3/hard\libc.a(lib_a-strncpy.o)
 .ARM.attributes
                0x00ff8e9d       0x35 c:/xilinx/sdk/2016.2/gnu/aarch32/nt/gcc-arm-none-eabi/bin/../lib/gcc/arm-none-eabi/4.9.2/../../../../arm-none-eabi/lib/v7-a/fpv3/hard\libc.a(lib_a-strtol.o)
 .ARM.attributes
                0x00ff8ed2       0x35 c:/xilinx/sdk/2016.2/gnu/aarch32/nt/gcc-arm-none-eabi/bin/../lib/gcc/arm-none-eabi/4.9.2/../../../../arm-none-eabi/lib/v7-a/fpv3/hard\libc.a(lib_a-vfiprintf.o)
 .ARM.attributes
                0x00ff8f07       0x35 c:/xilinx/sdk/2016.2/gnu/aarch32/nt/gcc-arm-none-eabi/bin/../lib/gcc/arm-none-eabi/4.9.2/../../../../arm-none-eabi/lib/v7-a/fpv3/hard\libc.a(lib_a-wcsnrtombs.o)
 .ARM.attributes
                0x00ff8f3c       0x35 c:/xilinx/sdk/2016.2/gnu/aarch32/nt/gcc-arm-none-eabi/bin/../lib/gcc/arm-none-eabi/4.9.2/../../../../arm-none-eabi/lib/v7-a/fpv3/hard\libc.a(lib_a-writer.o)
 .ARM.attributes
                0x00ff8f71       0x35 c:/xilinx/sdk/2016.2/gnu/aarch32/nt/gcc-arm-none-eabi/bin/../lib/gcc/arm-none-eabi/4.9.2/../../../../arm-none-eabi/lib/v7-a/fpv3/hard\libc.a(lib_a-__atexit.o)
 .ARM.attributes
                0x00ff8fa6       0x35 c:/xilinx/sdk/2016.2/gnu/aarch32/nt/gcc-arm-none-eabi/bin/../lib/gcc/arm-none-eabi/4.9.2/../../../../arm-none-eabi/lib/v7-a/fpv3/hard\libc.a(lib_a-callocr.o)
 .ARM.attributes
                0x00ff8fdb       0x35 c:/xilinx/sdk/2016.2/gnu/aarch32/nt/gcc-arm-none-eabi/bin/../lib/gcc/arm-none-eabi/4.9.2/../../../../arm-none-eabi/lib/v7-a/fpv3/hard\libc.a(lib_a-closer.o)
 .ARM.attributes
                0x00ff9010       0x35 c:/xilinx/sdk/2016.2/gnu/aarch32/nt/gcc-arm-none-eabi/bin/../lib/gcc/arm-none-eabi/4.9.2/../../../../arm-none-eabi/lib/v7-a/fpv3/hard\libc.a(lib_a-ctype_.o)
 .ARM.attributes
                0x00ff9045       0x35 c:/xilinx/sdk/2016.2/gnu/aarch32/nt/gcc-arm-none-eabi/bin/../lib/gcc/arm-none-eabi/4.9.2/../../../../arm-none-eabi/lib/v7-a/fpv3/hard\libc.a(lib_a-fclose.o)
 .ARM.attributes
                0x00ff907a       0x35 c:/xilinx/sdk/2016.2/gnu/aarch32/nt/gcc-arm-none-eabi/bin/../lib/gcc/arm-none-eabi/4.9.2/../../../../arm-none-eabi/lib/v7-a/fpv3/hard\libc.a(lib_a-fputwc.o)
 .ARM.attributes
                0x00ff90af       0x35 c:/xilinx/sdk/2016.2/gnu/aarch32/nt/gcc-arm-none-eabi/bin/../lib/gcc/arm-none-eabi/4.9.2/../../../../arm-none-eabi/lib/v7-a/fpv3/hard\libc.a(lib_a-fstatr.o)
 .ARM.attributes
                0x00ff90e4       0x35 c:/xilinx/sdk/2016.2/gnu/aarch32/nt/gcc-arm-none-eabi/bin/../lib/gcc/arm-none-eabi/4.9.2/../../../../arm-none-eabi/lib/v7-a/fpv3/hard\libc.a(lib_a-fvwrite.o)
 .ARM.attributes
                0x00ff9119       0x35 c:/xilinx/sdk/2016.2/gnu/aarch32/nt/gcc-arm-none-eabi/bin/../lib/gcc/arm-none-eabi/4.9.2/../../../../arm-none-eabi/lib/v7-a/fpv3/hard\libc.a(lib_a-getenv_r.o)
 .ARM.attributes
                0x00ff914e       0x35 c:/xilinx/sdk/2016.2/gnu/aarch32/nt/gcc-arm-none-eabi/bin/../lib/gcc/arm-none-eabi/4.9.2/../../../../arm-none-eabi/lib/v7-a/fpv3/hard\libc.a(lib_a-isattyr.o)
 .ARM.attributes
                0x00ff9183       0x35 c:/xilinx/sdk/2016.2/gnu/aarch32/nt/gcc-arm-none-eabi/bin/../lib/gcc/arm-none-eabi/4.9.2/../../../../arm-none-eabi/lib/v7-a/fpv3/hard\libc.a(lib_a-lseekr.o)
 .ARM.attributes
                0x00ff91b8       0x35 c:/xilinx/sdk/2016.2/gnu/aarch32/nt/gcc-arm-none-eabi/bin/../lib/gcc/arm-none-eabi/4.9.2/../../../../arm-none-eabi/lib/v7-a/fpv3/hard\libc.a(lib_a-memmove.o)
 .ARM.attributes
                0x00ff91ed       0x35 c:/xilinx/sdk/2016.2/gnu/aarch32/nt/gcc-arm-none-eabi/bin/../lib/gcc/arm-none-eabi/4.9.2/../../../../arm-none-eabi/lib/v7-a/fpv3/hard\libc.a(lib_a-readr.o)
 .ARM.attributes
                0x00ff9222       0x35 c:/xilinx/sdk/2016.2/gnu/aarch32/nt/gcc-arm-none-eabi/bin/../lib/gcc/arm-none-eabi/4.9.2/../../../../arm-none-eabi/lib/v7-a/fpv3/hard\libc.a(lib_a-reallocr.o)
 .ARM.attributes
                0x00ff9257       0x35 c:/xilinx/sdk/2016.2/gnu/aarch32/nt/gcc-arm-none-eabi/bin/../lib/gcc/arm-none-eabi/4.9.2/../../../../arm-none-eabi/lib/v7-a/fpv3/hard\libc.a(lib_a-wbuf.o)
 .ARM.attributes
                0x00ff928c       0x35 c:/xilinx/sdk/2016.2/gnu/aarch32/nt/gcc-arm-none-eabi/bin/../lib/gcc/arm-none-eabi/4.9.2/../../../../arm-none-eabi/lib/v7-a/fpv3/hard\libc.a(lib_a-environ.o)
 .ARM.attributes
                0x00ff92c1       0x35 c:/xilinx/sdk/2016.2/gnu/aarch32/nt/gcc-arm-none-eabi/bin/../lib/gcc/arm-none-eabi/4.9.2/../../../../arm-none-eabi/lib/v7-a/fpv3/hard\libc.a(lib_a-envlock.o)
 .ARM.attributes
                0x00ff92f6       0x3f ../../KNN_AXI_Test_bsp/ps7_cortexa9_0/lib\libxil.a(_exit.o)
 .ARM.attributes
                0x00ff9335       0x3f ../../KNN_AXI_Test_bsp/ps7_cortexa9_0/lib\libxil.a(_sbrk.o)
 .ARM.attributes
                0x00ff9374       0x3f ../../KNN_AXI_Test_bsp/ps7_cortexa9_0/lib\libxil.a(close.o)
 .ARM.attributes
                0x00ff93b3       0x3f ../../KNN_AXI_Test_bsp/ps7_cortexa9_0/lib\libxil.a(fstat.o)
 .ARM.attributes
                0x00ff93f2       0x3f ../../KNN_AXI_Test_bsp/ps7_cortexa9_0/lib\libxil.a(getpid.o)
 .ARM.attributes
                0x00ff9431       0x3f ../../KNN_AXI_Test_bsp/ps7_cortexa9_0/lib\libxil.a(isatty.o)
 .ARM.attributes
                0x00ff9470       0x3f ../../KNN_AXI_Test_bsp/ps7_cortexa9_0/lib\libxil.a(kill.o)
 .ARM.attributes
                0x00ff94af       0x3f ../../KNN_AXI_Test_bsp/ps7_cortexa9_0/lib\libxil.a(lseek.o)
 .ARM.attributes
                0x00ff94ee       0x3f ../../KNN_AXI_Test_bsp/ps7_cortexa9_0/lib\libxil.a(read.o)
 .ARM.attributes
                0x00ff952d       0x3f ../../KNN_AXI_Test_bsp/ps7_cortexa9_0/lib\libxil.a(write.o)
 .ARM.attributes
                0x00ff956c       0x3f ../../KNN_AXI_Test_bsp/ps7_cortexa9_0/lib\libxil.a(errno.o)
 .ARM.attributes
                0x00ff95ab       0x3f ../../KNN_AXI_Test_bsp/ps7_cortexa9_0/lib\libxil.a(inbyte.o)
 .ARM.attributes
                0x00ff95ea       0x21 c:/xilinx/sdk/2016.2/gnu/aarch32/nt/gcc-arm-none-eabi/bin/../lib/gcc/arm-none-eabi/4.9.2/v7-a/fpv3/hard\libgcc.a(_divsi3.o)
 .ARM.attributes
                0x00ff960b       0x21 c:/xilinx/sdk/2016.2/gnu/aarch32/nt/gcc-arm-none-eabi/bin/../lib/gcc/arm-none-eabi/4.9.2/v7-a/fpv3/hard\libgcc.a(_aeabi_uldivmod.o)
 .ARM.attributes
                0x00ff962c       0x35 c:/xilinx/sdk/2016.2/gnu/aarch32/nt/gcc-arm-none-eabi/bin/../lib/gcc/arm-none-eabi/4.9.2/v7-a/fpv3/hard\libgcc.a(bpabi.o)
 .ARM.attributes
                0x00ff9661       0x35 c:/xilinx/sdk/2016.2/gnu/aarch32/nt/gcc-arm-none-eabi/bin/../lib/gcc/arm-none-eabi/4.9.2/v7-a/fpv3/hard\libgcc.a(_divdi3.o)
 .ARM.attributes
                0x00ff9696       0x35 c:/xilinx/sdk/2016.2/gnu/aarch32/nt/gcc-arm-none-eabi/bin/../lib/gcc/arm-none-eabi/4.9.2/v7-a/fpv3/hard\libgcc.a(_udivdi3.o)
 .ARM.attributes
                0x00ff96cb       0x35 c:/xilinx/sdk/2016.2/gnu/aarch32/nt/gcc-arm-none-eabi/bin/../lib/gcc/arm-none-eabi/4.9.2/v7-a/fpv3/hard/crtend.o
 .ARM.attributes
                0x00ff9700       0x21 c:/xilinx/sdk/2016.2/gnu/aarch32/nt/gcc-arm-none-eabi/bin/../lib/gcc/arm-none-eabi/4.9.2/v7-a/fpv3/hard/crtn.o
                0x00ff9721                __ARM.attributes_end = .

.sdata          0x00ff80e4        0x0
                0x00ff80e4                __sdata_start = .
 *(.sdata)
 *(.sdata.*)
 *(.gnu.linkonce.s.*)
                0x00ff80e4                __sdata_end = .

.sbss           0x00ff80e4        0x0
                0x00ff80e4                __sbss_start = .
 *(.sbss)
 *(.sbss.*)
 *(.gnu.linkonce.sb.*)
                0x00ff80e4                __sbss_end = .

.tdata          0x00ff80e4        0x0
                0x00ff80e4                __tdata_start = .
 *(.tdata)
 *(.tdata.*)
 *(.gnu.linkonce.td.*)
                0x00ff80e4                __tdata_end = .

.tbss           0x00ff80e4        0x0
                0x00ff80e4                __tbss_start = .
 *(.tbss)
 *(.tbss.*)
 *(.gnu.linkonce.tb.*)
                0x00ff80e4                __tbss_end = .

.bss            0x00ff80e4      0x320
                0x00ff80e4                __bss_start = .
 *(.bss)
 .bss           0x00ff80e4        0x0 c:/xilinx/sdk/2016.2/gnu/aarch32/nt/gcc-arm-none-eabi/bin/../lib/gcc/arm-none-eabi/4.9.2/v7-a/fpv3/hard/crti.o
 .bss           0x00ff80e4       0x1c c:/xilinx/sdk/2016.2/gnu/aarch32/nt/gcc-arm-none-eabi/bin/../lib/gcc/arm-none-eabi/4.9.2/v7-a/fpv3/hard/crtbegin.o
 .bss           0x00ff8100        0x0 ./src/DataSet.o
 .bss           0x00ff8100        0x0 ./src/main.o
 .bss           0x00ff8100        0x0 ./src/platform.o
 .bss           0x00ff8100        0x0 ../../KNN_AXI_Test_bsp/ps7_cortexa9_0/lib\libxil.a(asm_vectors.o)
 .bss           0x00ff8100        0x0 ../../KNN_AXI_Test_bsp/ps7_cortexa9_0/lib\libxil.a(boot.o)
 .bss           0x00ff8100        0x0 ../../KNN_AXI_Test_bsp/ps7_cortexa9_0/lib\libxil.a(print.o)
 .bss           0x00ff8100        0x0 ../../KNN_AXI_Test_bsp/ps7_cortexa9_0/lib\libxil.a(translation_table.o)
 .bss           0x00ff8100        0x0 ../../KNN_AXI_Test_bsp/ps7_cortexa9_0/lib\libxil.a(vectors.o)
 .bss           0x00ff8100        0x0 ../../KNN_AXI_Test_bsp/ps7_cortexa9_0/lib\libxil.a(xil-crt0.o)
 .bss           0x00ff8100        0x0 ../../KNN_AXI_Test_bsp/ps7_cortexa9_0/lib\libxil.a(xil_cache.o)
 .bss           0x00ff8100        0x0 ../../KNN_AXI_Test_bsp/ps7_cortexa9_0/lib\libxil.a(xil_exception.o)
 .bss           0x00ff8100        0x0 ../../KNN_AXI_Test_bsp/ps7_cortexa9_0/lib\libxil.a(xil_io.o)
 .bss           0x00ff8100        0x0 ../../KNN_AXI_Test_bsp/ps7_cortexa9_0/lib\libxil.a(xtime_l.o)
 .bss           0x00ff8100        0x0 ../../KNN_AXI_Test_bsp/ps7_cortexa9_0/lib\libxil.a(cpu_init.o)
 .bss           0x00ff8100        0x0 ../../KNN_AXI_Test_bsp/ps7_cortexa9_0/lib\libxil.a(outbyte.o)
 .bss           0x00ff8100        0x0 ../../KNN_AXI_Test_bsp/ps7_cortexa9_0/lib\libxil.a(xuartps_hw.o)
 .bss           0x00ff8100        0x0 c:/xilinx/sdk/2016.2/gnu/aarch32/nt/gcc-arm-none-eabi/bin/../lib/gcc/arm-none-eabi/4.9.2/v7-a/fpv3/hard\libgcc.a(_udivsi3.o)
 .bss           0x00ff8100        0x0 c:/xilinx/sdk/2016.2/gnu/aarch32/nt/gcc-arm-none-eabi/bin/../lib/gcc/arm-none-eabi/4.9.2/v7-a/fpv3/hard\libgcc.a(_dvmd_tls.o)
 .bss           0x00ff8100        0x0 c:/xilinx/sdk/2016.2/gnu/aarch32/nt/gcc-arm-none-eabi/bin/../lib/gcc/arm-none-eabi/4.9.2/v7-a/fpv3/hard\libgcc.a(_arm_addsubdf3.o)
 .bss           0x00ff8100        0x0 c:/xilinx/sdk/2016.2/gnu/aarch32/nt/gcc-arm-none-eabi/bin/../lib/gcc/arm-none-eabi/4.9.2/v7-a/fpv3/hard\libgcc.a(_fixunsdfdi.o)
 .bss           0x00ff8100        0x0 c:/xilinx/sdk/2016.2/gnu/aarch32/nt/gcc-arm-none-eabi/bin/../lib/gcc/arm-none-eabi/4.9.2/v7-a/fpv3/hard\libgcc.a(unwind-arm.o)
 .bss           0x00ff8100        0x0 c:/xilinx/sdk/2016.2/gnu/aarch32/nt/gcc-arm-none-eabi/bin/../lib/gcc/arm-none-eabi/4.9.2/v7-a/fpv3/hard\libgcc.a(libunwind.o)
 .bss           0x00ff8100        0x0 c:/xilinx/sdk/2016.2/gnu/aarch32/nt/gcc-arm-none-eabi/bin/../lib/gcc/arm-none-eabi/4.9.2/v7-a/fpv3/hard\libgcc.a(pr-support.o)
 .bss           0x00ff8100        0x0 c:/xilinx/sdk/2016.2/gnu/aarch32/nt/gcc-arm-none-eabi/bin/../lib/gcc/arm-none-eabi/4.9.2/../../../../arm-none-eabi/lib/v7-a/fpv3/hard\libc.a(lib_a-abort.o)
 .bss           0x00ff8100        0x0 c:/xilinx/sdk/2016.2/gnu/aarch32/nt/gcc-arm-none-eabi/bin/../lib/gcc/arm-none-eabi/4.9.2/../../../../arm-none-eabi/lib/v7-a/fpv3/hard\libc.a(lib_a-exit.o)
 .bss           0x00ff8100        0x0 c:/xilinx/sdk/2016.2/gnu/aarch32/nt/gcc-arm-none-eabi/bin/../lib/gcc/arm-none-eabi/4.9.2/../../../../arm-none-eabi/lib/v7-a/fpv3/hard\libc.a(lib_a-fini.o)
 .bss           0x00ff8100        0x0 c:/xilinx/sdk/2016.2/gnu/aarch32/nt/gcc-arm-none-eabi/bin/../lib/gcc/arm-none-eabi/4.9.2/../../../../arm-none-eabi/lib/v7-a/fpv3/hard\libc.a(lib_a-impure.o)
 .bss           0x00ff8100        0x0 c:/xilinx/sdk/2016.2/gnu/aarch32/nt/gcc-arm-none-eabi/bin/../lib/gcc/arm-none-eabi/4.9.2/../../../../arm-none-eabi/lib/v7-a/fpv3/hard\libc.a(lib_a-init.o)
 .bss           0x00ff8100        0x0 c:/xilinx/sdk/2016.2/gnu/aarch32/nt/gcc-arm-none-eabi/bin/../lib/gcc/arm-none-eabi/4.9.2/../../../../arm-none-eabi/lib/v7-a/fpv3/hard\libc.a(lib_a-memcpy.o)
 .bss           0x00ff8100        0x0 c:/xilinx/sdk/2016.2/gnu/aarch32/nt/gcc-arm-none-eabi/bin/../lib/gcc/arm-none-eabi/4.9.2/../../../../arm-none-eabi/lib/v7-a/fpv3/hard\libc.a(lib_a-printf.o)
 .bss           0x00ff8100        0x0 c:/xilinx/sdk/2016.2/gnu/aarch32/nt/gcc-arm-none-eabi/bin/../lib/gcc/arm-none-eabi/4.9.2/../../../../arm-none-eabi/lib/v7-a/fpv3/hard\libc.a(lib_a-signal.o)
 .bss           0x00ff8100        0x0 c:/xilinx/sdk/2016.2/gnu/aarch32/nt/gcc-arm-none-eabi/bin/../lib/gcc/arm-none-eabi/4.9.2/../../../../arm-none-eabi/lib/v7-a/fpv3/hard\libc.a(lib_a-signalr.o)
 .bss           0x00ff8100        0x0 c:/xilinx/sdk/2016.2/gnu/aarch32/nt/gcc-arm-none-eabi/bin/../lib/gcc/arm-none-eabi/4.9.2/../../../../arm-none-eabi/lib/v7-a/fpv3/hard\libc.a(lib_a-vfprintf.o)
 .bss           0x00ff8100        0x0 c:/xilinx/sdk/2016.2/gnu/aarch32/nt/gcc-arm-none-eabi/bin/../lib/gcc/arm-none-eabi/4.9.2/../../../../arm-none-eabi/lib/v7-a/fpv3/hard\libc.a(lib_a-wcrtomb.o)
 .bss           0x00ff8100        0x0 c:/xilinx/sdk/2016.2/gnu/aarch32/nt/gcc-arm-none-eabi/bin/../lib/gcc/arm-none-eabi/4.9.2/../../../../arm-none-eabi/lib/v7-a/fpv3/hard\libc.a(lib_a-wcsrtombs.o)
 .bss           0x00ff8100        0x0 c:/xilinx/sdk/2016.2/gnu/aarch32/nt/gcc-arm-none-eabi/bin/../lib/gcc/arm-none-eabi/4.9.2/../../../../arm-none-eabi/lib/v7-a/fpv3/hard\libc.a(lib_a-wctomb_r.o)
 .bss           0x00ff8100        0x0 c:/xilinx/sdk/2016.2/gnu/aarch32/nt/gcc-arm-none-eabi/bin/../lib/gcc/arm-none-eabi/4.9.2/../../../../arm-none-eabi/lib/v7-a/fpv3/hard\libc.a(lib_a-wsetup.o)